Archive member included to satisfy reference by file (symbol)

/usr/lib/gcc/arm-none-eabi/8.2.0/../../../../arm-none-eabi/lib/thumb/v7-m/nofp/libg.a(lib_a-memcmp.o)
                              /tmp/cckHqcgk.ltrans0.ltrans.o (memcmp)
/usr/lib/gcc/arm-none-eabi/8.2.0/../../../../arm-none-eabi/lib/thumb/v7-m/nofp/libg.a(lib_a-memcpy.o)
                              /tmp/cckHqcgk.ltrans0.ltrans.o (memcpy)
/usr/lib/gcc/arm-none-eabi/8.2.0/../../../../arm-none-eabi/lib/thumb/v7-m/nofp/libg.a(lib_a-memset.o)
                              /tmp/cckHqcgk.ltrans0.ltrans.o (memset)
/usr/lib/gcc/arm-none-eabi/8.2.0/../../../../arm-none-eabi/lib/thumb/v7-m/nofp/libg.a(lib_a-strchr.o)
                              /tmp/cckHqcgk.ltrans0.ltrans.o (strchr)
/usr/lib/gcc/arm-none-eabi/8.2.0/../../../../arm-none-eabi/lib/thumb/v7-m/nofp/libg.a(lib_a-strcmp.o)
                              /tmp/cckHqcgk.ltrans0.ltrans.o (strcmp)
/usr/lib/gcc/arm-none-eabi/8.2.0/../../../../arm-none-eabi/lib/thumb/v7-m/nofp/libg.a(lib_a-strncmp.o)
                              /tmp/cckHqcgk.ltrans0.ltrans.o (strncmp)
/usr/lib/gcc/arm-none-eabi/8.2.0/../../../../arm-none-eabi/lib/thumb/v7-m/nofp/libg.a(lib_a-strncpy.o)
                              /tmp/cckHqcgk.ltrans0.ltrans.o (strncpy)
/usr/lib/gcc/arm-none-eabi/8.2.0/../../../../arm-none-eabi/lib/thumb/v7-m/nofp/libg.a(lib_a-strpbrk.o)
                              /tmp/cckHqcgk.ltrans0.ltrans.o (strpbrk)
/usr/lib/gcc/arm-none-eabi/8.2.0/../../../../arm-none-eabi/lib/thumb/v7-m/nofp/libg.a(lib_a-strspn.o)
                              /tmp/cckHqcgk.ltrans0.ltrans.o (strspn)

Discarded input sections

 .data          0x0000000000000000        0x0 ./build/obj/crt0_v7m.o
 .bss           0x0000000000000000        0x0 ./build/obj/crt0_v7m.o
 .data          0x0000000000000000        0x0 ./build/obj/vectors.o
 .bss           0x0000000000000000        0x0 ./build/obj/vectors.o
 .data          0x0000000000000000        0x0 ./build/obj/chcoreasm_v7m.o
 .bss           0x0000000000000000        0x0 ./build/obj/chcoreasm_v7m.o
 .comment       0x0000000000000000      0x780 /tmp/cc8rD6lrdebugobj
 .text          0x0000000000000000        0x0 /tmp/cckHqcgk.ltrans0.ltrans.o
 .data          0x0000000000000000        0x0 /tmp/cckHqcgk.ltrans0.ltrans.o
 .bss           0x0000000000000000        0x0 /tmp/cckHqcgk.ltrans0.ltrans.o
 .text          0x0000000000000000        0x0 /tmp/cckHqcgk.ltrans1.ltrans.o
 .data          0x0000000000000000        0x0 /tmp/cckHqcgk.ltrans1.ltrans.o
 .bss           0x0000000000000000        0x0 /tmp/cckHqcgk.ltrans1.ltrans.o
 .text          0x0000000000000000        0x0 /usr/lib/gcc/arm-none-eabi/8.2.0/../../../../arm-none-eabi/lib/thumb/v7-m/nofp/libg.a(lib_a-memcmp.o)
 .data          0x0000000000000000        0x0 /usr/lib/gcc/arm-none-eabi/8.2.0/../../../../arm-none-eabi/lib/thumb/v7-m/nofp/libg.a(lib_a-memcmp.o)
 .bss           0x0000000000000000        0x0 /usr/lib/gcc/arm-none-eabi/8.2.0/../../../../arm-none-eabi/lib/thumb/v7-m/nofp/libg.a(lib_a-memcmp.o)
 .data          0x0000000000000000        0x0 /usr/lib/gcc/arm-none-eabi/8.2.0/../../../../arm-none-eabi/lib/thumb/v7-m/nofp/libg.a(lib_a-memcpy.o)
 .bss           0x0000000000000000        0x0 /usr/lib/gcc/arm-none-eabi/8.2.0/../../../../arm-none-eabi/lib/thumb/v7-m/nofp/libg.a(lib_a-memcpy.o)
 .text          0x0000000000000000        0x0 /usr/lib/gcc/arm-none-eabi/8.2.0/../../../../arm-none-eabi/lib/thumb/v7-m/nofp/libg.a(lib_a-memset.o)
 .data          0x0000000000000000        0x0 /usr/lib/gcc/arm-none-eabi/8.2.0/../../../../arm-none-eabi/lib/thumb/v7-m/nofp/libg.a(lib_a-memset.o)
 .bss           0x0000000000000000        0x0 /usr/lib/gcc/arm-none-eabi/8.2.0/../../../../arm-none-eabi/lib/thumb/v7-m/nofp/libg.a(lib_a-memset.o)
 .text          0x0000000000000000        0x0 /usr/lib/gcc/arm-none-eabi/8.2.0/../../../../arm-none-eabi/lib/thumb/v7-m/nofp/libg.a(lib_a-strchr.o)
 .data          0x0000000000000000        0x0 /usr/lib/gcc/arm-none-eabi/8.2.0/../../../../arm-none-eabi/lib/thumb/v7-m/nofp/libg.a(lib_a-strchr.o)
 .bss           0x0000000000000000        0x0 /usr/lib/gcc/arm-none-eabi/8.2.0/../../../../arm-none-eabi/lib/thumb/v7-m/nofp/libg.a(lib_a-strchr.o)
 .data          0x0000000000000000        0x0 /usr/lib/gcc/arm-none-eabi/8.2.0/../../../../arm-none-eabi/lib/thumb/v7-m/nofp/libg.a(lib_a-strcmp.o)
 .bss           0x0000000000000000        0x0 /usr/lib/gcc/arm-none-eabi/8.2.0/../../../../arm-none-eabi/lib/thumb/v7-m/nofp/libg.a(lib_a-strcmp.o)
 .text          0x0000000000000000        0x0 /usr/lib/gcc/arm-none-eabi/8.2.0/../../../../arm-none-eabi/lib/thumb/v7-m/nofp/libg.a(lib_a-strncmp.o)
 .data          0x0000000000000000        0x0 /usr/lib/gcc/arm-none-eabi/8.2.0/../../../../arm-none-eabi/lib/thumb/v7-m/nofp/libg.a(lib_a-strncmp.o)
 .bss           0x0000000000000000        0x0 /usr/lib/gcc/arm-none-eabi/8.2.0/../../../../arm-none-eabi/lib/thumb/v7-m/nofp/libg.a(lib_a-strncmp.o)
[...]
Memory Configuration

Name             Origin             Length             Attributes
flash0           0x0000000008000000 0x0000000000020000
flash1           0x0000000000000000 0x0000000000000000
flash2           0x0000000000000000 0x0000000000000000
flash3           0x0000000000000000 0x0000000000000000
flash4           0x0000000000000000 0x0000000000000000
flash5           0x0000000000000000 0x0000000000000000
flash6           0x0000000000000000 0x0000000000000000
flash7           0x0000000000000000 0x0000000000000000
ram0             0x0000000020000000 0x0000000000005000
ram1             0x0000000000000000 0x0000000000000000
ram2             0x0000000000000000 0x0000000000000000
ram3             0x0000000000000000 0x0000000000000000
ram4             0x0000000000000000 0x0000000000000000
ram5             0x0000000000000000 0x0000000000000000
ram6             0x0000000000000000 0x0000000000000000
ram7             0x0000000000000000 0x0000000000000000
*default*        0x0000000000000000 0xffffffffffffffff

Linker script and memory map

LOAD ./build/obj/crt0_v7m.o
LOAD ./build/obj/vectors.o
LOAD ./build/obj/chcoreasm_v7m.o
LOAD /tmp/cc8rD6lrdebugobj
LOAD /tmp/cckHqcgk.ltrans0.ltrans.o
LOAD /tmp/cckHqcgk.ltrans1.ltrans.o

.mstack         0x0000000020000000      0x400
                0x0000000020000000                . = ALIGN (0x8)
                0x0000000020000000                __main_stack_base__ = .
                0x0000000020000400                . = (. + __main_stack_size__)
 *fill*         0x0000000020000000      0x400 
                0x0000000020000400                . = ALIGN (0x8)
                0x0000000020000400                __main_stack_end__ = .

.pstack         0x0000000020000400      0x400
                0x0000000020000400                . = ALIGN (0x8)
                0x0000000020000400                __process_stack_base__ = .
                0x0000000020000400                __main_thread_stack_base__ = .
                0x0000000020000800                . = (. + __process_stack_size__)
 *fill*         0x0000000020000400      0x400 
                0x0000000020000800                . = ALIGN (0x8)
                0x0000000020000800                __process_stack_end__ = .
                0x0000000020000800                __main_thread_stack_end__ = .

.vectors        0x0000000008000000      0x160
 *(.vectors)
 .vectors       0x0000000008000000      0x160 ./build/obj/vectors.o
                0x0000000008000000                _vectors

.xtors          0x0000000008000160        0x0
                0x0000000008000160                __init_array_start = .
 *(SORT_BY_NAME(.init_array.*))
 *(.init_array)
                0x0000000008000160                __init_array_end = .
                0x0000000008000160                __fini_array_start = .
 *(.fini_array)
 *(SORT_BY_NAME(.fini_array.*))
                0x0000000008000160                __fini_array_end = .

.text           0x0000000008000160     0x9a54
                0x0000000008000160                __text_base = .
 *(.text)
 .text          0x0000000008000160       0xd8 ./build/obj/crt0_v7m.o
                0x0000000008000160                _crt0_entry
 .text          0x0000000008000238        0x8 ./build/obj/vectors.o
                0x0000000008000238                Reset_Handler
                0x000000000800023a                Vector58
                0x000000000800023a                VectorE8
                0x000000000800023a                Vector9C
                0x000000000800023a                VectorAC
                0x000000000800023a                DebugMon_Handler
                0x000000000800023a                Vector5C
                0x000000000800023a                Vector11C
                0x000000000800023a                HardFault_Handler
                0x000000000800023a                Vector8C
                0x000000000800023a                SysTick_Handler
                0x000000000800023a                VectorDC
                0x000000000800023a                PendSV_Handler
                0x000000000800023a                NMI_Handler
                0x000000000800023a                Vector110
                0x000000000800023a                Vector120
                0x000000000800023a                VectorC8
                0x000000000800023a                Vector94
                0x000000000800023a                VectorA8
                0x000000000800023a                VectorB4
                0x000000000800023a                Vector74
                0x000000000800023a                UsageFault_Handler
                0x000000000800023a                VectorEC
                0x000000000800023a                Vector40
                0x000000000800023a                VectorF8
                0x000000000800023a                Vector108
                0x000000000800023a                VectorBC
                0x000000000800023a                Vector150
                0x000000000800023a                Vector124
                0x000000000800023a                Vector148
                0x000000000800023a                Vector118
                0x000000000800023a                Vector64
                0x000000000800023a                VectorCC
                0x000000000800023a                Vector54
                0x000000000800023a                Vector98
                0x000000000800023a                VectorD8
                0x000000000800023a                Vector138
                0x000000000800023a                Vector24
                0x000000000800023a                Vector84
                0x000000000800023a                VectorD0
                0x000000000800023a                Vector140
                0x000000000800023a                VectorE4
                0x000000000800023a                VectorC0
                0x000000000800023a                Vector158
                0x000000000800023a                Vector130
                0x000000000800023a                Vector134
                0x000000000800023a                VectorF0
                0x000000000800023a                Vector12C
                0x000000000800023a                Vector13C
                0x000000000800023a                Vector100
                0x000000000800023a                VectorE0
                0x000000000800023a                VectorF4
                0x000000000800023a                MemManage_Handler
                0x000000000800023a                Vector6C
                0x000000000800023a                VectorA0
                0x000000000800023a                VectorC4
                0x000000000800023a                Vector7C
                0x000000000800023a                Vector114
                0x000000000800023a                Vector60
                0x000000000800023a                Vector1C
                0x000000000800023a                Vector48
                0x000000000800023a                Vector70
                0x000000000800023a                VectorD4
                0x000000000800023a                Vector4C
                0x000000000800023a                Vector144
                0x000000000800023a                Vector80
                0x000000000800023a                Vector15C
                0x000000000800023a                Vector68
                0x000000000800023a                Vector78
                0x000000000800023a                Vector88
                0x000000000800023a                Vector104
                0x000000000800023a                Vector10C
                0x000000000800023a                Vector14C
                0x000000000800023a                BusFault_Handler
                0x000000000800023a                Vector50
                0x000000000800023a                Vector154
                0x000000000800023a                Vector44
                0x000000000800023a                Vector28
                0x000000000800023a                VectorB8
                0x000000000800023a                VectorFC
                0x000000000800023a                Vector34
                0x000000000800023a                Vector128
                0x000000000800023a                VectorA4
                0x000000000800023a                Vector20
                0x000000000800023e                _unhandled_exception
 .text          0x0000000008000240       0x28 ./build/obj/chcoreasm_v7m.o
                0x0000000008000240                _port_switch
                0x0000000008000250                _port_thread_start
                0x0000000008000260                _port_switch_from_isr
                0x0000000008000264                _port_exit_from_isr
 .text          0x0000000008000268       0xec /usr/lib/gcc/arm-none-eabi/8.2.0/../../../../arm-none-eabi/lib/thumb/v7-m/nofp/libg.a(lib_a-memcpy.o)
                0x0000000008000268                memcpy
 .text          0x0000000008000354      0x1bc /usr/lib/gcc/arm-none-eabi/8.2.0/../../../../arm-none-eabi/lib/thumb/v7-m/nofp/libg.a(lib_a-strcmp.o)
                0x0000000008000354                strcmp
 *(.text.*)
 .text.chMtxTryLock.constprop.62
                0x0000000008000510       0x34 /tmp/cckHqcgk.ltrans0.ltrans.o
 *fill*         0x0000000008000544        0xc 
 .text.chEvtGetAndClearEvents.constprop.52
                0x0000000008000550       0x1c /tmp/cckHqcgk.ltrans0.ltrans.o
 *fill*         0x000000000800056c        0x4 
 .text._test_assert_time_window.constprop.1
                0x0000000008000570       0x38 /tmp/cckHqcgk.ltrans0.ltrans.o
 *fill*         0x00000000080005a8        0x8 
 .text.chCoreAllocAlignedWithOffset
                0x00000000080005b0       0x48 /tmp/cckHqcgk.ltrans0.ltrans.o
 *fill*         0x00000000080005f8        0x8 
 .text.oslib_test_004_001_setup
                0x0000000008000600       0x38 /tmp/cckHqcgk.ltrans0.ltrans.o
 *fill*         0x0000000008000638        0x8 
 .text.oslib_test_003_003_setup
                0x0000000008000640       0x1c /tmp/cckHqcgk.ltrans0.ltrans.o
 *fill*         0x000000000800065c        0x4 
 .text.oslib_test_003_002_setup
                0x0000000008000660        0x4 /tmp/cckHqcgk.ltrans0.ltrans.o
 *fill*         0x0000000008000664        0xc 
 .text.null_provider
                0x0000000008000670        0x4 /tmp/cckHqcgk.ltrans0.ltrans.o
 *fill*         0x0000000008000674        0xc 
 .text.oslib_test_003_001_setup
                0x0000000008000680       0x14 /tmp/cckHqcgk.ltrans0.ltrans.o
 *fill*         0x0000000008000694        0xc 
 .text.oslib_test_002_002_setup
                0x00000000080006a0       0x48 /tmp/cckHqcgk.ltrans0.ltrans.o
 *fill*         0x00000000080006e8        0x8 
 .text.oslib_test_002_001_setup
                0x00000000080006f0       0x48 /tmp/cckHqcgk.ltrans0.ltrans.o
 *fill*         0x0000000008000738        0x8 
 .text.oslib_test_001_003_setup
                0x0000000008000740       0x34 /tmp/cckHqcgk.ltrans0.ltrans.o
 *fill*         0x0000000008000774        0xc 
 .text.oslib_test_001_002_setup
                0x0000000008000780        0x4 /tmp/cckHqcgk.ltrans0.ltrans.o
 *fill*         0x0000000008000784        0xc 
 .text.oslib_test_001_001_setup
                0x0000000008000790        0x4 /tmp/cckHqcgk.ltrans0.ltrans.o
 *fill*         0x0000000008000794        0xc 
 .text.rt_test_010_011_setup
                0x00000000080007a0       0x10 /tmp/cckHqcgk.ltrans0.ltrans.o
 .text.rt_test_010_010_setup
                0x00000000080007b0       0x10 /tmp/cckHqcgk.ltrans0.ltrans.o
 .text.tmo      0x00000000080007c0        0x4 /tmp/cckHqcgk.ltrans0.ltrans.o
 *fill*         0x00000000080007c4        0xc 
 .text.rt_test_010_007_setup
                0x00000000080007d0       0x10 /tmp/cckHqcgk.ltrans0.ltrans.o
 .text.rt_test_009_002_setup
                0x00000000080007e0       0x18 /tmp/cckHqcgk.ltrans0.ltrans.o
 *fill*         0x00000000080007f8        0x8 
 .text.rt_test_009_001_setup
                0x0000000008000800       0x38 /tmp/cckHqcgk.ltrans0.ltrans.o
 *fill*         0x0000000008000838        0x8 
 .text.rt_test_008_007_setup
                0x0000000008000840       0x18 /tmp/cckHqcgk.ltrans0.ltrans.o
 *fill*         0x0000000008000858        0x8 
 .text.rt_test_008_006_setup
                0x0000000008000860        0x4 /tmp/cckHqcgk.ltrans0.ltrans.o
 *fill*         0x0000000008000864        0xc 
 .text.rt_test_008_005_setup
                0x0000000008000870        0x4 /tmp/cckHqcgk.ltrans0.ltrans.o
 *fill*         0x0000000008000874        0xc 
 .text.rt_test_008_004_setup
                0x0000000008000880        0x4 /tmp/cckHqcgk.ltrans0.ltrans.o
 *fill*         0x0000000008000884        0xc 
 .text.rt_test_008_003_setup
                0x0000000008000890        0x4 /tmp/cckHqcgk.ltrans0.ltrans.o
 *fill*         0x0000000008000894        0xc 
 .text.rt_test_008_002_setup
                0x00000000080008a0        0x4 /tmp/cckHqcgk.ltrans0.ltrans.o
 *fill*         0x00000000080008a4        0xc 
 .text.rt_test_006_009_setup
                0x00000000080008b0       0x28 /tmp/cckHqcgk.ltrans0.ltrans.o
 *fill*         0x00000000080008d8        0x8 
 .text.rt_test_006_008_setup
                0x00000000080008e0       0x1c /tmp/cckHqcgk.ltrans0.ltrans.o
 *fill*         0x00000000080008fc        0x4 
 .text.rt_test_006_007_setup
                0x0000000008000900        0x4 /tmp/cckHqcgk.ltrans0.ltrans.o
 *fill*         0x0000000008000904        0xc 
 .text.rt_test_006_005_setup
                0x0000000008000910       0x10 /tmp/cckHqcgk.ltrans0.ltrans.o
 .text.rt_test_006_004_setup
                0x0000000008000920       0x1c /tmp/cckHqcgk.ltrans0.ltrans.o
 *fill*         0x000000000800093c        0x4 
 .text.rt_test_006_001_setup
                0x0000000008000940        0x4 /tmp/cckHqcgk.ltrans0.ltrans.o
 *fill*         0x0000000008000944        0xc 
 .text.rt_test_005_005_setup
                0x0000000008000950       0x10 /tmp/cckHqcgk.ltrans0.ltrans.o
 .text.rt_test_005_004_setup
                0x0000000008000960        0x4 /tmp/cckHqcgk.ltrans0.ltrans.o
 *fill*         0x0000000008000964        0xc 
 .text.rt_test_005_003_setup
                0x0000000008000970        0x4 /tmp/cckHqcgk.ltrans0.ltrans.o
 *fill*         0x0000000008000974        0xc 
 .text.rt_test_005_002_setup
                0x0000000008000980        0x4 /tmp/cckHqcgk.ltrans0.ltrans.o
 *fill*         0x0000000008000984        0xc 
 .text.rt_test_005_001_setup
                0x0000000008000990       0x10 /tmp/cckHqcgk.ltrans0.ltrans.o
 .text.rt_test_004_001_setup
                0x00000000080009a0        0xc /tmp/cckHqcgk.ltrans0.ltrans.o
 *fill*         0x00000000080009ac        0x4 
 .text._test_assert
                0x00000000080009b0       0x28 /tmp/cckHqcgk.ltrans0.ltrans.o
 *fill*         0x00000000080009d8        0x8 
 .text.rt_test_002_004_execute
                0x00000000080009e0       0x20 /tmp/cckHqcgk.ltrans0.ltrans.o
 .text.rt_test_002_003_execute
                0x0000000008000a00       0x24 /tmp/cckHqcgk.ltrans0.ltrans.o
 *fill*         0x0000000008000a24        0xc 
 .text.test_terminate_threads
                0x0000000008000a30       0x34 /tmp/cckHqcgk.ltrans0.ltrans.o
 *fill*         0x0000000008000a64        0xc 
 .text.test_printn.part.2
                0x0000000008000a70       0x54 /tmp/cckHqcgk.ltrans0.ltrans.o
 *fill*         0x0000000008000ac4        0xc 
 .text.test_printn
                0x0000000008000ad0       0x18 /tmp/cckHqcgk.ltrans0.ltrans.o
 *fill*         0x0000000008000ae8        0x8 
 .text.test_emit_token
                0x0000000008000af0       0x28 /tmp/cckHqcgk.ltrans0.ltrans.o
 *fill*         0x0000000008000b18        0x8 
 .text.h3       0x0000000008000b20        0x8 /tmp/cckHqcgk.ltrans0.ltrans.o
 *fill*         0x0000000008000b28        0x8 
 .text.h2       0x0000000008000b30        0x8 /tmp/cckHqcgk.ltrans0.ltrans.o
 *fill*         0x0000000008000b38        0x8 
 .text.h1       0x0000000008000b40        0x8 /tmp/cckHqcgk.ltrans0.ltrans.o
 *fill*         0x0000000008000b48        0x8 
 .text.thread   0x0000000008000b50        0x8 /tmp/cckHqcgk.ltrans0.ltrans.o
 *fill*         0x0000000008000b58        0x8 
 .text.dyn_thread1
                0x0000000008000b60        0x4 /tmp/cckHqcgk.ltrans0.ltrans.o
 *fill*         0x0000000008000b64        0xc 
 .text.test_println
                0x0000000008000b70       0x38 /tmp/cckHqcgk.ltrans0.ltrans.o
 *fill*         0x0000000008000ba8        0x8 
 .text.test_print
                0x0000000008000bb0       0x24 /tmp/cckHqcgk.ltrans0.ltrans.o
 *fill*         0x0000000008000bd4        0xc 
 .text._test_assert_sequence
                0x0000000008000be0       0x4c /tmp/cckHqcgk.ltrans0.ltrans.o
 *fill*         0x0000000008000c2c        0x4 
 .text.rt_test_008_002_execute
                0x0000000008000c30       0x50 /tmp/cckHqcgk.ltrans0.ltrans.o
 .text.print_line
                0x0000000008000c80       0x2c /tmp/cckHqcgk.ltrans0.ltrans.o
 *fill*         0x0000000008000cac        0x4 
 .text.get_descriptor
                0x0000000008000cb0       0x34 /tmp/cckHqcgk.ltrans0.ltrans.o
 *fill*         0x0000000008000ce4        0xc 
 .text._port_irq_epilogue
                0x0000000008000cf0       0x54 /tmp/cckHqcgk.ltrans0.ltrans.o
 *fill*         0x0000000008000d44        0xc 
 .text.chCoreAllocAlignedI
                0x0000000008000d50       0x34 /tmp/cckHqcgk.ltrans0.ltrans.o
 *fill*         0x0000000008000d84        0xc 
 .text.chPoolAlloc
                0x0000000008000d90       0x30 /tmp/cckHqcgk.ltrans0.ltrans.o
 .text.oslib_test_003_001_execute
                0x0000000008000dc0      0x10c /tmp/cckHqcgk.ltrans0.ltrans.o
 *fill*         0x0000000008000ecc        0x4 
 .text.chEvtAddEvents
                0x0000000008000ed0       0x1c /tmp/cckHqcgk.ltrans0.ltrans.o
 *fill*         0x0000000008000eec        0x4 
 .text.chEvtUnregister
                0x0000000008000ef0       0x2c /tmp/cckHqcgk.ltrans0.ltrans.o
 *fill*         0x0000000008000f1c        0x4 
 .text.rt_test_008_001_execute
                0x0000000008000f20       0xf0 /tmp/cckHqcgk.ltrans0.ltrans.o
 .text.chThdCreateSuspendedI
                0x0000000008001010       0x7c /tmp/cckHqcgk.ltrans0.ltrans.o
 *fill*         0x000000000800108c        0x4 
 .text.wakeup   0x0000000008001090       0x6c /tmp/cckHqcgk.ltrans0.ltrans.o
 *fill*         0x00000000080010fc        0x4 
 .text.chSchReadyI
                0x0000000008001100       0x2c /tmp/cckHqcgk.ltrans0.ltrans.o
 *fill*         0x000000000800112c        0x4 
 .text.chThdDequeueAllI.constprop.98
                0x0000000008001130       0x24 /tmp/cckHqcgk.ltrans0.ltrans.o
 *fill*         0x0000000008001154        0xc 
 .text.chThdDequeueNextI.constprop.96
                0x0000000008001160       0x20 /tmp/cckHqcgk.ltrans0.ltrans.o
 .text.chMBPostI.constprop.36
                0x0000000008001180       0x48 /tmp/cckHqcgk.ltrans0.ltrans.o
 *fill*         0x00000000080011c8        0x8 
 .text.chMBPostAheadI.constprop.33
                0x00000000080011d0       0x48 /tmp/cckHqcgk.ltrans0.ltrans.o
 *fill*         0x0000000008001218        0x8 
 .text.chMBFetchI.constprop.30
                0x0000000008001220       0x48 /tmp/cckHqcgk.ltrans0.ltrans.o
 *fill*         0x0000000008001268        0x8 
 .text.chCondSignalI.constprop.59
                0x0000000008001270       0x24 /tmp/cckHqcgk.ltrans0.ltrans.o
 *fill*         0x0000000008001294        0xc 
 .text.chEvtSignalI
                0x00000000080012a0       0x30 /tmp/cckHqcgk.ltrans0.ltrans.o
 .text.chEvtBroadcastFlagsI
                0x00000000080012d0       0x2c /tmp/cckHqcgk.ltrans0.ltrans.o
 *fill*         0x00000000080012fc        0x4 
 .text.chMtxUnlockS
                0x0000000008001300       0x50 /tmp/cckHqcgk.ltrans0.ltrans.o
 .text.chSemSignalI
                0x0000000008001350       0x24 /tmp/cckHqcgk.ltrans0.ltrans.o
 *fill*         0x0000000008001374        0xc 
 .text.chVTDoResetI
                0x0000000008001380       0x80 /tmp/cckHqcgk.ltrans0.ltrans.o
 .text.chVTDoSetI
                0x0000000008001400       0xc0 /tmp/cckHqcgk.ltrans0.ltrans.o
 .text.chSysGetStatusAndLockX.part.1
                0x00000000080014c0        0xc /tmp/cckHqcgk.ltrans0.ltrans.o
 *fill*         0x00000000080014cc        0x4 
 .text.chSysIntegrityCheckI
                0x00000000080014d0       0xa0 /tmp/cckHqcgk.ltrans0.ltrans.o
 .text.rt_test_002_001_execute
                0x0000000008001570       0xa8 /tmp/cckHqcgk.ltrans0.ltrans.o
 *fill*         0x0000000008001618        0x8 
 .text._idle_thread
                0x0000000008001620        0x4 /tmp/cckHqcgk.ltrans0.ltrans.o
 *fill*         0x0000000008001624        0xc 
 .text.usb_lld_start_in
                0x0000000008001630       0x78 /tmp/cckHqcgk.ltrans0.ltrans.o
 *fill*         0x00000000080016a8        0x8 
 .text.usb_lld_init_endpoint
                0x00000000080016b0       0xf0 /tmp/cckHqcgk.ltrans0.ltrans.o
 .text.usb_lld_reset
                0x00000000080017a0       0x38 /tmp/cckHqcgk.ltrans0.ltrans.o
 *fill*         0x00000000080017d8        0x8 
 .text._usb_ep0out
                0x00000000080017e0       0xa4 /tmp/cckHqcgk.ltrans0.ltrans.o
 *fill*         0x0000000008001884        0xc 
 .text.set_address
                0x0000000008001890       0x28 /tmp/cckHqcgk.ltrans0.ltrans.o
 *fill*         0x00000000080018b8        0x8 
 .text.sduInterruptTransmitted
                0x00000000080018c0        0x4 /tmp/cckHqcgk.ltrans0.ltrans.o
 *fill*         0x00000000080018c4        0xc 
 .text.sduRequestsHook
                0x00000000080018d0       0x44 /tmp/cckHqcgk.ltrans0.ltrans.o
 *fill*         0x0000000008001914        0xc 
 .text.rt_test_010_012_execute
                0x0000000008001920       0xfc /tmp/cckHqcgk.ltrans0.ltrans.o
 *fill*         0x0000000008001a1c        0x4 
 .text.rt_test_001_003_execute
                0x0000000008001a20      0x3e0 /tmp/cckHqcgk.ltrans0.ltrans.o
 .text.rt_test_001_002_execute
                0x0000000008001e00       0x8c /tmp/cckHqcgk.ltrans0.ltrans.o
 *fill*         0x0000000008001e8c        0x4 
 .text.rt_test_001_001_execute
                0x0000000008001e90       0xa8 /tmp/cckHqcgk.ltrans0.ltrans.o
 *fill*         0x0000000008001f38        0x8 
 .text.usbInitEndpointI
                0x0000000008001f40       0x2c /tmp/cckHqcgk.ltrans0.ltrans.o
 *fill*         0x0000000008001f6c        0x4 
 .text.parse_arguments
                0x0000000008001f70       0x54 /tmp/cckHqcgk.ltrans0.ltrans.o
 *fill*         0x0000000008001fc4        0xc 
 .text.chprintf
                0x0000000008001fd0      0x41c /tmp/cckHqcgk.ltrans0.ltrans.o
 *fill*         0x00000000080023ec        0x4 
 .text.cmd_write
                0x00000000080023f0       0x4c /tmp/cckHqcgk.ltrans0.ltrans.o
 *fill*         0x000000000800243c        0x4 
 .text.cmd_systime
                0x0000000008002440       0x34 /tmp/cckHqcgk.ltrans0.ltrans.o
 *fill*         0x0000000008002474        0xc 
 .text.cmd_echo
                0x0000000008002480       0x20 /tmp/cckHqcgk.ltrans0.ltrans.o
 .text.cmd_info
                0x00000000080024a0       0xbc /tmp/cckHqcgk.ltrans0.ltrans.o
 *fill*         0x000000000800255c        0x4 
 .text.usb_event
                0x0000000008002560       0xcc /tmp/cckHqcgk.ltrans0.ltrans.o
 *fill*         0x000000000800262c        0x4 
 .text.sduDataReceived
                0x0000000008002630       0x64 /tmp/cckHqcgk.ltrans0.ltrans.o
 *fill*         0x0000000008002694        0xc 
 .text.dyn_find_object
                0x00000000080026a0       0x34 /tmp/cckHqcgk.ltrans0.ltrans.o
 *fill*         0x00000000080026d4        0xc 
 .text.dyn_create_object_pool
                0x00000000080026e0       0x50 /tmp/cckHqcgk.ltrans0.ltrans.o
 .text.chThdYield
                0x0000000008002730       0x58 /tmp/cckHqcgk.ltrans0.ltrans.o
 *fill*         0x0000000008002788        0x8 
 .text.bmk_thread8
                0x0000000008002790       0x2c /tmp/cckHqcgk.ltrans0.ltrans.o
 *fill*         0x00000000080027bc        0x4 
 .text.chSchWakeupS
                0x00000000080027c0       0x60 /tmp/cckHqcgk.ltrans0.ltrans.o
 .text.chThdCreateStatic.constprop.69
                0x0000000008002820       0x7c /tmp/cckHqcgk.ltrans0.ltrans.o
 *fill*         0x000000000800289c        0x4 
 .text.chCondSignal.constprop.60
                0x00000000080028a0       0x28 /tmp/cckHqcgk.ltrans0.ltrans.o
 *fill*         0x00000000080028c8        0x8 
 .text.chThdCreateFromMemoryPool.constprop.41
                0x00000000080028d0       0x60 /tmp/cckHqcgk.ltrans0.ltrans.o
 .text.chSemSignal
                0x0000000008002930       0x34 /tmp/cckHqcgk.ltrans0.ltrans.o
 *fill*         0x0000000008002964        0xc 
 .text.chSchGoSleepS
                0x0000000008002970       0x28 /tmp/cckHqcgk.ltrans0.ltrans.o
 *fill*         0x0000000008002998        0x8 
 .text.chEvtWaitOne.constprop.48
                0x00000000080029a0       0x38 /tmp/cckHqcgk.ltrans0.ltrans.o
 *fill*         0x00000000080029d8        0x8 
 .text.chEvtWaitAny.constprop.47
                0x00000000080029e0       0x38 /tmp/cckHqcgk.ltrans0.ltrans.o
 *fill*         0x0000000008002a18        0x8 
 .text.chEvtWaitAll.constprop.46
                0x0000000008002a20       0x38 /tmp/cckHqcgk.ltrans0.ltrans.o
 *fill*         0x0000000008002a58        0x8 
 .text.bmk_thread4
                0x0000000008002a60       0x24 /tmp/cckHqcgk.ltrans0.ltrans.o
 *fill*         0x0000000008002a84        0xc 
 .text.chSchGoSleepTimeoutS
                0x0000000008002a90       0x44 /tmp/cckHqcgk.ltrans0.ltrans.o
 *fill*         0x0000000008002ad4        0xc 
 .text.chSemWaitTimeout.constprop.67
                0x0000000008002ae0       0x50 /tmp/cckHqcgk.ltrans0.ltrans.o
 .text.chGuardedPoolAllocTimeout.constprop.25
                0x0000000008002b30       0x6c /tmp/cckHqcgk.ltrans0.ltrans.o
 *fill*         0x0000000008002b9c        0x4 
 .text.oslib_test_003_003_execute
                0x0000000008002ba0       0x28 /tmp/cckHqcgk.ltrans0.ltrans.o
 *fill*         0x0000000008002bc8        0x8 
 .text.rt_test_008_006_execute
                0x0000000008002bd0      0x170 /tmp/cckHqcgk.ltrans0.ltrans.o
 .text.chThdSleep
                0x0000000008002d40       0x18 /tmp/cckHqcgk.ltrans0.ltrans.o
 *fill*         0x0000000008002d58        0x8 
 .text.Thread1  0x0000000008002d60       0x44 /tmp/cckHqcgk.ltrans0.ltrans.o
 *fill*         0x0000000008002da4        0xc 
 .text.rt_test_003_001_execute
                0x0000000008002db0       0xac /tmp/cckHqcgk.ltrans0.ltrans.o
 *fill*         0x0000000008002e5c        0x4 
 .text.test_wait_tick
                0x0000000008002e60       0x20 /tmp/cckHqcgk.ltrans0.ltrans.o
 .text.rt_test_010_009_execute
                0x0000000008002e80       0x98 /tmp/cckHqcgk.ltrans0.ltrans.o
 *fill*         0x0000000008002f18        0x8 
 .text.test_execute
                0x0000000008002f20      0x38c /tmp/cckHqcgk.ltrans0.ltrans.o
 *fill*         0x00000000080032ac        0x4 
 .text.test_rt  0x00000000080032b0        0xc /tmp/cckHqcgk.ltrans0.ltrans.o
 *fill*         0x00000000080032bc        0x4 
 .text.test_oslib
                0x00000000080032c0        0xc /tmp/cckHqcgk.ltrans0.ltrans.o
 *fill*         0x00000000080032cc        0x4 
 .text.chMsgWait
                0x00000000080032d0       0x40 /tmp/cckHqcgk.ltrans0.ltrans.o
 .text.bmk_thread1
                0x0000000008003310       0x20 /tmp/cckHqcgk.ltrans0.ltrans.o
 .text.chMsgSend
                0x0000000008003330       0x40 /tmp/cckHqcgk.ltrans0.ltrans.o
 .text.msg_loop_test
                0x0000000008003370       0x34 /tmp/cckHqcgk.ltrans0.ltrans.o
 *fill*         0x00000000080033a4        0xc 
 .text.msg_thread1
                0x00000000080033b0       0x28 /tmp/cckHqcgk.ltrans0.ltrans.o
 *fill*         0x00000000080033d8        0x8 
 .text.chMtxLockS
                0x00000000080033e0       0xc0 /tmp/cckHqcgk.ltrans0.ltrans.o
 .text.chMtxLock
                0x00000000080034a0       0x14 /tmp/cckHqcgk.ltrans0.ltrans.o
 *fill*         0x00000000080034b4        0xc 
 .text.chSemWait
                0x00000000080034c0       0x44 /tmp/cckHqcgk.ltrans0.ltrans.o
 *fill*         0x0000000008003504        0xc 
 .text.rt_test_010_010_execute
                0x0000000008003510       0x88 /tmp/cckHqcgk.ltrans0.ltrans.o
 *fill*         0x0000000008003598        0x8 
 .text.bmk_thread7
                0x00000000080035a0       0x2c /tmp/cckHqcgk.ltrans0.ltrans.o
 *fill*         0x00000000080035cc        0x4 
 .text.thread3  0x00000000080035d0       0x18 /tmp/cckHqcgk.ltrans0.ltrans.o
 *fill*         0x00000000080035e8        0x8 
 .text.thread1.lto_priv.109
                0x00000000080035f0       0x18 /tmp/cckHqcgk.ltrans0.ltrans.o
 *fill*         0x0000000008003608        0x8 
 .text.chThdExitS
                0x0000000008003610       0x48 /tmp/cckHqcgk.ltrans0.ltrans.o
 *fill*         0x0000000008003658        0x8 
 .text.shellThread
                0x0000000008003660      0x240 /tmp/cckHqcgk.ltrans0.ltrans.o
 .text.cmd_exit
                0x00000000080038a0       0x34 /tmp/cckHqcgk.ltrans0.ltrans.o
 *fill*         0x00000000080038d4        0xc 
 .text.SVC_Handler
                0x00000000080038e0       0x14 /tmp/cckHqcgk.ltrans0.ltrans.o
                0x00000000080038e0                SVC_Handler
 *fill*         0x00000000080038f4        0xc 
 .text.chThdEnqueueTimeoutS
                0x0000000008003900       0x28 /tmp/cckHqcgk.ltrans0.ltrans.o
                0x0000000008003900                chThdEnqueueTimeoutS
 *fill*         0x0000000008003928        0x8 
 .text.chThdExit
                0x0000000008003930        0xc /tmp/cckHqcgk.ltrans0.ltrans.o
                0x0000000008003930                chThdExit
 *fill*         0x000000000800393c        0x4 
 .text.bmk_thread3
                0x0000000008003940        0x4 /tmp/cckHqcgk.ltrans0.ltrans.o
 *fill*         0x0000000008003944        0xc 
 .text.chSchDoRescheduleAhead
                0x0000000008003950       0x40 /tmp/cckHqcgk.ltrans0.ltrans.o
                0x0000000008003950                chSchDoReschedule
 .text.chSchRescheduleS
                0x0000000008003990       0x18 /tmp/cckHqcgk.ltrans0.ltrans.o
 *fill*         0x00000000080039a8        0x8 
 .text.chSemSignalWait.constprop.64
                0x00000000080039b0       0x68 /tmp/cckHqcgk.ltrans0.ltrans.o
 *fill*         0x0000000008003a18        0x8 
 .text.rt_test_005_005_execute
                0x0000000008003a20       0x9c /tmp/cckHqcgk.ltrans0.ltrans.o
 *fill*         0x0000000008003abc        0x4 
 .text.chMBReset.constprop.39
                0x0000000008003ac0       0x38 /tmp/cckHqcgk.ltrans0.ltrans.o
 *fill*         0x0000000008003af8        0x8 
 .text.oslib_test_001_003_teardown
                0x0000000008003b00        0x4 /tmp/cckHqcgk.ltrans0.ltrans.o
 *fill*         0x0000000008003b04        0xc 
 .text.oslib_test_001_002_teardown
                0x0000000008003b10        0x4 /tmp/cckHqcgk.ltrans0.ltrans.o
 *fill*         0x0000000008003b14        0xc 
 .text.oslib_test_001_001_teardown
                0x0000000008003b20        0x4 /tmp/cckHqcgk.ltrans0.ltrans.o
 *fill*         0x0000000008003b24        0xc 
 .text.chMBPostTimeout.constprop.37
                0x0000000008003b30       0x6c /tmp/cckHqcgk.ltrans0.ltrans.o
 *fill*         0x0000000008003b9c        0x4 
 .text.chMBPostAheadTimeoutS.constprop.35
                0x0000000008003ba0       0x5c /tmp/cckHqcgk.ltrans0.ltrans.o
 *fill*         0x0000000008003bfc        0x4 
 .text.chMBFetchTimeout.constprop.31
                0x0000000008003c00       0x6c /tmp/cckHqcgk.ltrans0.ltrans.o
 *fill*         0x0000000008003c6c        0x4 
 .text.oslib_test_001_003_execute
                0x0000000008003c70      0x11c /tmp/cckHqcgk.ltrans0.ltrans.o
 *fill*         0x0000000008003d8c        0x4 
 .text.oslib_test_001_002_execute
                0x0000000008003d90      0x2f4 /tmp/cckHqcgk.ltrans0.ltrans.o
 *fill*         0x0000000008004084        0xc 
 .text.oslib_test_001_001_execute
                0x0000000008004090      0x320 /tmp/cckHqcgk.ltrans0.ltrans.o
 .text.oslib_test_003_002_execute
                0x00000000080043b0       0xf4 /tmp/cckHqcgk.ltrans0.ltrans.o
 *fill*         0x00000000080044a4        0xc 
 .text.evt_thread7
                0x00000000080044b0       0x40 /tmp/cckHqcgk.ltrans0.ltrans.o
 .text.evt_thread3
                0x00000000080044f0       0x24 /tmp/cckHqcgk.ltrans0.ltrans.o
 *fill*         0x0000000008004514        0xc 
 .text.thread4B
                0x0000000008004520       0x30 /tmp/cckHqcgk.ltrans0.ltrans.o
 .text.thread2  0x0000000008004550       0x24 /tmp/cckHqcgk.ltrans0.ltrans.o
 *fill*         0x0000000008004574        0xc 
 .text.thread4  0x0000000008004580       0x2c /tmp/cckHqcgk.ltrans0.ltrans.o
 *fill*         0x00000000080045ac        0x4 
 .text.thread1.lto_priv.108
                0x00000000080045b0       0x34 /tmp/cckHqcgk.ltrans0.ltrans.o
 *fill*         0x00000000080045e4        0xc 
 .text.chMtxUnlock
                0x00000000080045f0       0x64 /tmp/cckHqcgk.ltrans0.ltrans.o
 *fill*         0x0000000008004654        0xc 
 .text.chHeapAllocAligned.constprop.42
                0x0000000008004660       0xe8 /tmp/cckHqcgk.ltrans0.ltrans.o
 *fill*         0x0000000008004748        0x8 
 .text.dyn_create_object_heap
                0x0000000008004750       0x54 /tmp/cckHqcgk.ltrans0.ltrans.o
 *fill*         0x00000000080047a4        0xc 
 .text.chThdCreateFromHeap
                0x00000000080047b0       0x50 /tmp/cckHqcgk.ltrans0.ltrans.o
 .text.chPipeWriteTimeout.constprop.18
                0x0000000008004800       0xe4 /tmp/cckHqcgk.ltrans0.ltrans.o
 *fill*         0x00000000080048e4        0xc 
 .text.chPipeReadTimeout.constprop.17
                0x00000000080048f0       0xd8 /tmp/cckHqcgk.ltrans0.ltrans.o
 *fill*         0x00000000080049c8        0x8 
 .text.oslib_test_002_002_execute
                0x00000000080049d0       0x9c /tmp/cckHqcgk.ltrans0.ltrans.o
 *fill*         0x0000000008004a6c        0x4 
 .text.chFactoryRegisterObject.constprop.15
                0x0000000008004a70       0x30 /tmp/cckHqcgk.ltrans0.ltrans.o
 .text.chFactoryFindObject.constprop.14
                0x0000000008004aa0       0x28 /tmp/cckHqcgk.ltrans0.ltrans.o
 *fill*         0x0000000008004ac8        0x8 
 .text.chFactoryCreateBuffer.constprop.13
                0x0000000008004ad0       0x38 /tmp/cckHqcgk.ltrans0.ltrans.o
 *fill*         0x0000000008004b08        0x8 
 .text.chFactoryFindBuffer.constprop.12
                0x0000000008004b10       0x28 /tmp/cckHqcgk.ltrans0.ltrans.o
 *fill*         0x0000000008004b38        0x8 
 .text.chFactoryCreateSemaphore.constprop.11
                0x0000000008004b40       0x38 /tmp/cckHqcgk.ltrans0.ltrans.o
 *fill*         0x0000000008004b78        0x8 
 .text.chFactoryFindSemaphore.constprop.10
                0x0000000008004b80       0x28 /tmp/cckHqcgk.ltrans0.ltrans.o
 *fill*         0x0000000008004ba8        0x8 
 .text.chFactoryCreateMailbox.constprop.9
                0x0000000008004bb0       0x54 /tmp/cckHqcgk.ltrans0.ltrans.o
 *fill*         0x0000000008004c04        0xc 
 .text.chFactoryFindMailbox.constprop.8
                0x0000000008004c10       0x28 /tmp/cckHqcgk.ltrans0.ltrans.o
 *fill*         0x0000000008004c38        0x8 
 .text.chFactoryCreateObjectsFIFO.constprop.7
                0x0000000008004c40       0x9c /tmp/cckHqcgk.ltrans0.ltrans.o
 *fill*         0x0000000008004cdc        0x4 
 .text.chFactoryFindObjectsFIFO.constprop.6
                0x0000000008004ce0       0x28 /tmp/cckHqcgk.ltrans0.ltrans.o
 *fill*         0x0000000008004d08        0x8 
 .text.chFactoryCreatePipe.constprop.5
                0x0000000008004d10       0x64 /tmp/cckHqcgk.ltrans0.ltrans.o
 *fill*         0x0000000008004d74        0xc 
 .text.chFactoryFindPipe.constprop.4
                0x0000000008004d80       0x28 /tmp/cckHqcgk.ltrans0.ltrans.o
 *fill*         0x0000000008004da8        0x8 
 .text.oslib_test_002_001_execute
                0x0000000008004db0      0x4f0 /tmp/cckHqcgk.ltrans0.ltrans.o
 .text.rt_test_010_011_execute
                0x00000000080052a0       0x88 /tmp/cckHqcgk.ltrans0.ltrans.o
 *fill*         0x0000000008005328        0x8 
 .text.thread8  0x0000000008005330       0x88 /tmp/cckHqcgk.ltrans0.ltrans.o
 *fill*         0x00000000080053b8        0x8 
 .text.thread6  0x00000000080053c0       0x6c /tmp/cckHqcgk.ltrans0.ltrans.o
 *fill*         0x000000000800542c        0x4 
 .text.thread9  0x0000000008005430       0x20 /tmp/cckHqcgk.ltrans0.ltrans.o
 .text.rt_test_006_005_execute
                0x0000000008005450      0x160 /tmp/cckHqcgk.ltrans0.ltrans.o
 .text.rt_test_006_004_execute
                0x00000000080055b0      0x130 /tmp/cckHqcgk.ltrans0.ltrans.o
 .text.thread4A
                0x00000000080056e0       0x20 /tmp/cckHqcgk.ltrans0.ltrans.o
 .text.thread1.lto_priv.110
                0x0000000008005700       0x20 /tmp/cckHqcgk.ltrans0.ltrans.o
 .text.chFactoryReleaseSemaphore
                0x0000000008005720       0x5c /tmp/cckHqcgk.ltrans0.ltrans.o
 *fill*         0x000000000800577c        0x4 
 .text.oslib_test_005_003_execute
                0x0000000008005780      0x12c /tmp/cckHqcgk.ltrans0.ltrans.o
 *fill*         0x00000000080058ac        0x4 
 .text.oslib_test_005_003_teardown
                0x00000000080058b0       0x1c /tmp/cckHqcgk.ltrans0.ltrans.o
 *fill*         0x00000000080058cc        0x4 
 .text.chFactoryReleaseObject
                0x00000000080058d0       0x5c /tmp/cckHqcgk.ltrans0.ltrans.o
 *fill*         0x000000000800592c        0x4 
 .text.oslib_test_005_001_execute
                0x0000000008005930      0x170 /tmp/cckHqcgk.ltrans0.ltrans.o
 .text.oslib_test_005_001_teardown
                0x0000000008005aa0       0x1c /tmp/cckHqcgk.ltrans0.ltrans.o
 *fill*         0x0000000008005abc        0x4 
 .text.chHeapStatus
                0x0000000008005ac0       0x68 /tmp/cckHqcgk.ltrans0.ltrans.o
 *fill*         0x0000000008005b28        0x8 
 .text.cmd_mem  0x0000000008005b30       0x70 /tmp/cckHqcgk.ltrans0.ltrans.o
 .text.chHeapFree
                0x0000000008005ba0       0x90 /tmp/cckHqcgk.ltrans0.ltrans.o
 .text.oslib_test_004_002_execute
                0x0000000008005c30       0x68 /tmp/cckHqcgk.ltrans0.ltrans.o
 *fill*         0x0000000008005c98        0x8 
 .text.oslib_test_004_001_execute
                0x0000000008005ca0      0x32c /tmp/cckHqcgk.ltrans0.ltrans.o
 *fill*         0x0000000008005fcc        0x4 
 .text.dyn_release_object_heap.part.3
                0x0000000008005fd0       0x24 /tmp/cckHqcgk.ltrans0.ltrans.o
 *fill*         0x0000000008005ff4        0xc 
 .text.chFactoryReleasePipe
                0x0000000008006000       0x2c /tmp/cckHqcgk.ltrans0.ltrans.o
 *fill*         0x000000000800602c        0x4 
 .text.oslib_test_005_006_execute
                0x0000000008006030      0x12c /tmp/cckHqcgk.ltrans0.ltrans.o
 *fill*         0x000000000800615c        0x4 
 .text.oslib_test_005_006_teardown
                0x0000000008006160       0x1c /tmp/cckHqcgk.ltrans0.ltrans.o
 *fill*         0x000000000800617c        0x4 
 .text.chFactoryReleaseObjectsFIFO
                0x0000000008006180       0x2c /tmp/cckHqcgk.ltrans0.ltrans.o
 *fill*         0x00000000080061ac        0x4 
 .text.oslib_test_005_005_execute
                0x00000000080061b0      0x12c /tmp/cckHqcgk.ltrans0.ltrans.o
 *fill*         0x00000000080062dc        0x4 
 .text.oslib_test_005_005_teardown
                0x00000000080062e0       0x1c /tmp/cckHqcgk.ltrans0.ltrans.o
 *fill*         0x00000000080062fc        0x4 
 .text.chFactoryReleaseMailbox
                0x0000000008006300       0x2c /tmp/cckHqcgk.ltrans0.ltrans.o
 *fill*         0x000000000800632c        0x4 
 .text.oslib_test_005_004_execute
                0x0000000008006330      0x12c /tmp/cckHqcgk.ltrans0.ltrans.o
 *fill*         0x000000000800645c        0x4 
 .text.oslib_test_005_004_teardown
                0x0000000008006460       0x1c /tmp/cckHqcgk.ltrans0.ltrans.o
 *fill*         0x000000000800647c        0x4 
 .text.chFactoryReleaseBuffer
                0x0000000008006480       0x2c /tmp/cckHqcgk.ltrans0.ltrans.o
 *fill*         0x00000000080064ac        0x4 
 .text.oslib_test_005_002_execute
                0x00000000080064b0      0x12c /tmp/cckHqcgk.ltrans0.ltrans.o
 *fill*         0x00000000080065dc        0x4 
 .text.oslib_test_005_002_teardown
                0x00000000080065e0       0x1c /tmp/cckHqcgk.ltrans0.ltrans.o
 *fill*         0x00000000080065fc        0x4 
 .text.chThdRelease
                0x0000000008006600       0x64 /tmp/cckHqcgk.ltrans0.ltrans.o
 *fill*         0x0000000008006664        0xc 
 .text.rt_test_010_006_execute
                0x0000000008006670       0x7c /tmp/cckHqcgk.ltrans0.ltrans.o
 *fill*         0x00000000080066ec        0x4 
 .text.cmd_threads
                0x00000000080066f0       0xc4 /tmp/cckHqcgk.ltrans0.ltrans.o
 *fill*         0x00000000080067b4        0xc 
 .text.chThdWait
                0x00000000080067c0       0x38 /tmp/cckHqcgk.ltrans0.ltrans.o
 *fill*         0x00000000080067f8        0x8 
 .text.startup.main
                0x0000000008006800      0x478 /tmp/cckHqcgk.ltrans0.ltrans.o
                0x0000000008006800                main
 *fill*         0x0000000008006c78        0x8 
 .text.rt_test_010_005_execute
                0x0000000008006c80       0x7c /tmp/cckHqcgk.ltrans0.ltrans.o
 *fill*         0x0000000008006cfc        0x4 
 .text.test_wait_threads
                0x0000000008006d00       0x24 /tmp/cckHqcgk.ltrans0.ltrans.o
 *fill*         0x0000000008006d24        0xc 
 .text.rt_test_010_008_execute
                0x0000000008006d30       0xd4 /tmp/cckHqcgk.ltrans0.ltrans.o
 *fill*         0x0000000008006e04        0xc 
 .text.rt_test_010_004_execute
                0x0000000008006e10       0xcc /tmp/cckHqcgk.ltrans0.ltrans.o
 *fill*         0x0000000008006edc        0x4 
 .text.rt_test_010_003_execute
                0x0000000008006ee0       0xd8 /tmp/cckHqcgk.ltrans0.ltrans.o
 *fill*         0x0000000008006fb8        0x8 
 .text.rt_test_010_002_execute
                0x0000000008006fc0       0x74 /tmp/cckHqcgk.ltrans0.ltrans.o
 *fill*         0x0000000008007034        0xc 
 .text.rt_test_010_001_execute
                0x0000000008007040       0x74 /tmp/cckHqcgk.ltrans0.ltrans.o
 *fill*         0x00000000080070b4        0xc 
 .text.rt_test_009_002_execute
                0x00000000080070c0      0x150 /tmp/cckHqcgk.ltrans0.ltrans.o
 .text.rt_test_009_001_execute
                0x0000000008007210      0x174 /tmp/cckHqcgk.ltrans0.ltrans.o
 *fill*         0x0000000008007384        0xc 
 .text.rt_test_008_007_execute
                0x0000000008007390      0x114 /tmp/cckHqcgk.ltrans0.ltrans.o
 *fill*         0x00000000080074a4        0xc 
 .text.rt_test_008_005_execute
                0x00000000080074b0       0xc8 /tmp/cckHqcgk.ltrans0.ltrans.o
 *fill*         0x0000000008007578        0x8 
 .text.rt_test_008_004_execute
                0x0000000008007580       0xc0 /tmp/cckHqcgk.ltrans0.ltrans.o
 .text.rt_test_008_003_execute
                0x0000000008007640       0xf0 /tmp/cckHqcgk.ltrans0.ltrans.o
 .text.rt_test_007_001_execute
                0x0000000008007730       0x70 /tmp/cckHqcgk.ltrans0.ltrans.o
 .text.rt_test_006_009_execute
                0x00000000080077a0       0xa4 /tmp/cckHqcgk.ltrans0.ltrans.o
 *fill*         0x0000000008007844        0xc 
 .text.rt_test_006_008_execute
                0x0000000008007850       0xe0 /tmp/cckHqcgk.ltrans0.ltrans.o
 .text.rt_test_006_007_execute
                0x0000000008007930       0xd4 /tmp/cckHqcgk.ltrans0.ltrans.o
 *fill*         0x0000000008007a04        0xc 
 .text.rt_test_005_006_teardown
                0x0000000008007a10        0x4 /tmp/cckHqcgk.ltrans0.ltrans.o
 *fill*         0x0000000008007a14        0xc 
 .text.rt_test_006_004_teardown
                0x0000000008007a20        0x4 /tmp/cckHqcgk.ltrans0.ltrans.o
 *fill*         0x0000000008007a24        0xc 
 .text.rt_test_006_001_execute
                0x0000000008007a30       0xd8 /tmp/cckHqcgk.ltrans0.ltrans.o
 *fill*         0x0000000008007b08        0x8 
 .text.rt_test_005_005_teardown
                0x0000000008007b10        0x4 /tmp/cckHqcgk.ltrans0.ltrans.o
 *fill*         0x0000000008007b14        0xc 
 .text.rt_test_005_004_execute
                0x0000000008007b20       0xb4 /tmp/cckHqcgk.ltrans0.ltrans.o
 *fill*         0x0000000008007bd4        0xc 
 .text.rt_test_005_003_execute
                0x0000000008007be0      0x15c /tmp/cckHqcgk.ltrans0.ltrans.o
 *fill*         0x0000000008007d3c        0x4 
 .text.rt_test_005_002_execute
                0x0000000008007d40       0xe4 /tmp/cckHqcgk.ltrans0.ltrans.o
 *fill*         0x0000000008007e24        0xc 
 .text.rt_test_004_001_execute
                0x0000000008007e30       0xe8 /tmp/cckHqcgk.ltrans0.ltrans.o
 *fill*         0x0000000008007f18        0x8 
 .text.rt_test_003_002_execute
                0x0000000008007f20      0x194 /tmp/cckHqcgk.ltrans0.ltrans.o
 *fill*         0x00000000080080b4        0xc 
 .text.cmd_test
                0x00000000080080c0       0x8c /tmp/cckHqcgk.ltrans0.ltrans.o
 *fill*         0x000000000800814c        0x4 
 .text.chSemReset
                0x0000000008008150       0x38 /tmp/cckHqcgk.ltrans0.ltrans.o
 *fill*         0x0000000008008188        0x8 
 .text.rt_test_010_007_execute
                0x0000000008008190      0x10c /tmp/cckHqcgk.ltrans0.ltrans.o
 *fill*         0x000000000800829c        0x4 
 .text.rt_test_005_006_execute
                0x00000000080082a0      0x1b0 /tmp/cckHqcgk.ltrans0.ltrans.o
 .text.rt_test_005_001_execute
                0x0000000008008450       0xc0 /tmp/cckHqcgk.ltrans0.ltrans.o
 .text.rt_test_005_001_teardown
                0x0000000008008510        0xc /tmp/cckHqcgk.ltrans0.ltrans.o
 *fill*         0x000000000800851c        0x4 
 .text.chThdSetPriority
                0x0000000008008520       0x30 /tmp/cckHqcgk.ltrans0.ltrans.o
 .text.rt_test_003_004_execute
                0x0000000008008550       0xdc /tmp/cckHqcgk.ltrans0.ltrans.o
 *fill*         0x000000000800862c        0x4 
 .text.rt_test_003_003_execute
                0x0000000008008630       0x88 /tmp/cckHqcgk.ltrans0.ltrans.o
 *fill*         0x00000000080086b8        0x8 
 .text.chSysRestoreStatusX.part.2
                0x00000000080086c0       0x20 /tmp/cckHqcgk.ltrans0.ltrans.o
 .text.rt_test_002_002_execute
                0x00000000080086e0       0xd4 /tmp/cckHqcgk.ltrans0.ltrans.o
 *fill*         0x00000000080087b4        0xc 
 .text.vtcb     0x00000000080087c0       0x28 /tmp/cckHqcgk.ltrans0.ltrans.o
 *fill*         0x00000000080087e8        0x8 
 .text.usb_lld_start_out
                0x00000000080087f0       0x48 /tmp/cckHqcgk.ltrans0.ltrans.o
                0x00000000080087f0                usb_lld_start_out
 *fill*         0x0000000008008838        0x8 
 .text._usb_ep0in
                0x0000000008008840       0xf0 /tmp/cckHqcgk.ltrans0.ltrans.o
 .text._usb_ep0setup
                0x0000000008008930      0x434 /tmp/cckHqcgk.ltrans0.ltrans.o
 *fill*         0x0000000008008d64        0xc 
 .text.Vector90
                0x0000000008008d70      0x314 /tmp/cckHqcgk.ltrans0.ltrans.o
                0x0000000008008d70                Vector90
 *fill*         0x0000000008009084        0xc 
 .text.VectorB0
                0x0000000008009090       0xac /tmp/cckHqcgk.ltrans0.ltrans.o
                0x0000000008009090                VectorB0
 *fill*         0x000000000800913c        0x4 
 .text.usbStartTransmitI
                0x0000000008009140       0x2c /tmp/cckHqcgk.ltrans0.ltrans.o
                0x0000000008009140                usbStartTransmitI
 *fill*         0x000000000800916c        0x4 
 .text.sof_handler
                0x0000000008009170       0x90 /tmp/cckHqcgk.ltrans0.ltrans.o
 .text.sduDataTransmitted
                0x0000000008009200       0xa4 /tmp/cckHqcgk.ltrans0.ltrans.o
 *fill*         0x00000000080092a4        0xc 
 .text._ctl.lto_priv.119
                0x00000000080092b0        0x4 /tmp/cckHqcgk.ltrans1.ltrans.o
                0x00000000080092b0                _ctl.lto_priv.119
 *fill*         0x00000000080092b4        0xc 
 .text.obqGetEmptyBufferTimeoutS
                0x00000000080092c0       0x34 /tmp/cckHqcgk.ltrans1.ltrans.o
 *fill*         0x00000000080092f4        0xc 
 .text.obqWriteTimeout
                0x0000000008009300       0xe0 /tmp/cckHqcgk.ltrans1.ltrans.o
 .text._writet.lto_priv.117
                0x00000000080093e0        0x8 /tmp/cckHqcgk.ltrans1.ltrans.o
                0x00000000080093e0                _writet.lto_priv.117
 *fill*         0x00000000080093e8        0x8 
 .text._write.lto_priv.111
                0x00000000080093f0        0xc /tmp/cckHqcgk.ltrans1.ltrans.o
                0x00000000080093f0                _write.lto_priv.111
 *fill*         0x00000000080093fc        0x4 
 .text.obqPutTimeout
                0x0000000008009400       0x64 /tmp/cckHqcgk.ltrans1.ltrans.o
 *fill*         0x0000000008009464        0xc 
 .text._putt.lto_priv.115
                0x0000000008009470        0x8 /tmp/cckHqcgk.ltrans1.ltrans.o
                0x0000000008009470                _putt.lto_priv.115
 *fill*         0x0000000008009478        0x8 
 .text._put.lto_priv.113
                0x0000000008009480        0xc /tmp/cckHqcgk.ltrans1.ltrans.o
                0x0000000008009480                _put.lto_priv.113
 *fill*         0x000000000800948c        0x4 
 .text.ibqGetFullBufferTimeoutS
                0x0000000008009490       0x34 /tmp/cckHqcgk.ltrans1.ltrans.o
 *fill*         0x00000000080094c4        0xc 
 .text.ibqReadTimeout
                0x00000000080094d0       0xd8 /tmp/cckHqcgk.ltrans1.ltrans.o
 *fill*         0x00000000080095a8        0x8 
 .text._readt.lto_priv.118
                0x00000000080095b0        0x8 /tmp/cckHqcgk.ltrans1.ltrans.o
                0x00000000080095b0                _readt.lto_priv.118
 *fill*         0x00000000080095b8        0x8 
 .text._read.lto_priv.112
                0x00000000080095c0        0xc /tmp/cckHqcgk.ltrans1.ltrans.o
                0x00000000080095c0                _read.lto_priv.112
 *fill*         0x00000000080095cc        0x4 
 .text.ibqGetTimeout
                0x00000000080095d0       0x5c /tmp/cckHqcgk.ltrans1.ltrans.o
 *fill*         0x000000000800962c        0x4 
 .text._gett.lto_priv.116
                0x0000000008009630        0x8 /tmp/cckHqcgk.ltrans1.ltrans.o
                0x0000000008009630                _gett.lto_priv.116
 *fill*         0x0000000008009638        0x8 
 .text._get.lto_priv.114
                0x0000000008009640        0xc /tmp/cckHqcgk.ltrans1.ltrans.o
                0x0000000008009640                _get.lto_priv.114
 *fill*         0x000000000800964c        0x4 
 .text.sdu_start_receive.lto_priv.120
                0x0000000008009650       0x64 /tmp/cckHqcgk.ltrans1.ltrans.o
                0x0000000008009650                sdu_start_receive.lto_priv.120
 *fill*         0x00000000080096b4        0xc 
 .text.ibnotify.lto_priv.106
                0x00000000080096c0        0x8 /tmp/cckHqcgk.ltrans1.ltrans.o
                0x00000000080096c0                ibnotify.lto_priv.106
 *fill*         0x00000000080096c8        0x8 
 .text.obqGetFullBufferI
                0x00000000080096d0       0x1c /tmp/cckHqcgk.ltrans1.ltrans.o
                0x00000000080096d0                obqGetFullBufferI
 *fill*         0x00000000080096ec        0x4 
 .text.obnotify.lto_priv.107
                0x00000000080096f0       0x4c /tmp/cckHqcgk.ltrans1.ltrans.o
                0x00000000080096f0                obnotify.lto_priv.107
 *fill*         0x000000000800973c        0x4 
 .text.__init_ram_areas
                0x0000000008009740       0x68 /tmp/cckHqcgk.ltrans1.ltrans.o
                0x0000000008009740                __init_ram_areas
 *fill*         0x00000000080097a8        0x8 
 .text.__default_exit
                0x00000000080097b0        0x4 /tmp/cckHqcgk.ltrans1.ltrans.o
                0x00000000080097b0                __default_exit
 *fill*         0x00000000080097b4        0xc 
 .text.__late_init
                0x00000000080097c0        0x4 /tmp/cckHqcgk.ltrans1.ltrans.o
                0x00000000080097c0                __late_init
 *fill*         0x00000000080097c4        0xc 
 .text.__core_init
                0x00000000080097d0        0x4 /tmp/cckHqcgk.ltrans1.ltrans.o
                0x00000000080097d0                __core_init
 *fill*         0x00000000080097d4        0xc 
 .text.__early_init
                0x00000000080097e0       0x7c /tmp/cckHqcgk.ltrans1.ltrans.o
                0x00000000080097e0                __early_init
 .text.memcmp   0x000000000800985c       0x64 /usr/lib/gcc/arm-none-eabi/8.2.0/../../../../arm-none-eabi/lib/thumb/v7-m/nofp/libg.a(lib_a-memcmp.o)
                0x000000000800985c                memcmp
 .text.memset   0x00000000080098c0       0xa0 /usr/lib/gcc/arm-none-eabi/8.2.0/../../../../arm-none-eabi/lib/thumb/v7-m/nofp/libg.a(lib_a-memset.o)
                0x00000000080098c0                memset
 .text.strchr   0x0000000008009960       0xc8 /usr/lib/gcc/arm-none-eabi/8.2.0/../../../../arm-none-eabi/lib/thumb/v7-m/nofp/libg.a(lib_a-strchr.o)
                0x0000000008009960                strchr
 .text.strncmp  0x0000000008009a28       0xa0 /usr/lib/gcc/arm-none-eabi/8.2.0/../../../../arm-none-eabi/lib/thumb/v7-m/nofp/libg.a(lib_a-strncmp.o)
                0x0000000008009a28                strncmp
 .text.strncpy  0x0000000008009ac8       0x74 /usr/lib/gcc/arm-none-eabi/8.2.0/../../../../arm-none-eabi/lib/thumb/v7-m/nofp/libg.a(lib_a-strncpy.o)
                0x0000000008009ac8                strncpy
 .text.strpbrk  0x0000000008009b3c       0x44 /usr/lib/gcc/arm-none-eabi/8.2.0/../../../../arm-none-eabi/lib/thumb/v7-m/nofp/libg.a(lib_a-strpbrk.o)
                0x0000000008009b3c                strpbrk
 .text.strspn   0x0000000008009b80       0x34 /usr/lib/gcc/arm-none-eabi/8.2.0/../../../../arm-none-eabi/lib/thumb/v7-m/nofp/libg.a(lib_a-strspn.o)
                0x0000000008009b80                strspn
 *(.glue_7t)
 .glue_7t       0x0000000008009bb4        0x0 linker stubs
 *(.glue_7)
 .glue_7        0x0000000008009bb4        0x0 linker stubs
 *(.gcc*)
                0x0000000008009bb4                __text_end = .

.vfp11_veneer   0x0000000008009bb4        0x0
 .vfp11_veneer  0x0000000008009bb4        0x0 linker stubs

.v4_bx          0x0000000008009bb4        0x0
 .v4_bx         0x0000000008009bb4        0x0 linker stubs

.iplt           0x0000000008009bb4        0x0
 .iplt          0x0000000008009bb4        0x0 ./build/obj/crt0_v7m.o

.rodata         0x0000000008009bb4     0x27ec
                0x0000000008009bb4                __rodata_base__ = .
 *(.rodata)
 *(.rodata.*)
 .rodata.Thread1.str1.4
                0x0000000008009bb4        0x8 /tmp/cckHqcgk.ltrans0.ltrans.o
 .rodata._test_assert_time_window.constprop.1.str1.4
                0x0000000008009bbc       0x13 /tmp/cckHqcgk.ltrans0.ltrans.o
 *fill*         0x0000000008009bcf        0x1 
 .rodata.active_status
                0x0000000008009bd0        0x2 /tmp/cckHqcgk.ltrans0.ltrans.o
 *fill*         0x0000000008009bd2        0x2 
 .rodata.chFactoryCreateBuffer.constprop.13.str1.4
                0x0000000008009bd4        0x6 /tmp/cckHqcgk.ltrans0.ltrans.o
 *fill*         0x0000000008009bda        0x2 
 .rodata.chFactoryCreateMailbox.constprop.9.str1.4
                0x0000000008009bdc        0x6 /tmp/cckHqcgk.ltrans0.ltrans.o
 *fill*         0x0000000008009be2        0x2 
 .rodata.chFactoryCreateObjectsFIFO.constprop.7.str1.4
                0x0000000008009be4        0x7 /tmp/cckHqcgk.ltrans0.ltrans.o
 *fill*         0x0000000008009beb        0x1 
 .rodata.chFactoryCreatePipe.constprop.5.str1.4
                0x0000000008009bec        0x7 /tmp/cckHqcgk.ltrans0.ltrans.o
 *fill*         0x0000000008009bf3        0x1 
 .rodata.chFactoryCreateSemaphore.constprop.11.str1.4
                0x0000000008009bf4        0x6 /tmp/cckHqcgk.ltrans0.ltrans.o
 *fill*         0x0000000008009bfa        0x2 
 .rodata.chFactoryRegisterObject.constprop.15.str1.4
                0x0000000008009bfc        0x6 /tmp/cckHqcgk.ltrans0.ltrans.o
 *fill*         0x0000000008009c02        0x2 
 .rodata.chThdCreateStatic.constprop.69.str1.4
                0x0000000008009c04        0x7 /tmp/cckHqcgk.ltrans0.ltrans.o
 *fill*         0x0000000008009c0b        0x1 
 .rodata.ch_debug
                0x0000000008009c0c       0x16 /tmp/cckHqcgk.ltrans0.ltrans.o
 *fill*         0x0000000008009c22        0x2 
 .rodata.chprintf.str1.4
                0x0000000008009c24        0x7 /tmp/cckHqcgk.ltrans0.ltrans.o
 *fill*         0x0000000008009c2b        0x1 
 .rodata.cmd_echo.str1.4
                0x0000000008009c2c       0x15 /tmp/cckHqcgk.ltrans0.ltrans.o
 *fill*         0x0000000008009c41        0x3 
 .rodata.cmd_info.str1.4
                0x0000000008009c44      0x101 /tmp/cckHqcgk.ltrans0.ltrans.o
 *fill*         0x0000000008009d45        0x3 
 .rodata.cmd_mem.str1.4
                0x0000000008009d48       0x7a /tmp/cckHqcgk.ltrans0.ltrans.o
 *fill*         0x0000000008009dc2        0x2 
 .rodata.cmd_systime.str1.4
                0x0000000008009dc4       0x1a /tmp/cckHqcgk.ltrans0.ltrans.o
 *fill*         0x0000000008009dde        0x2 
 .rodata.cmd_test.str1.4
                0x0000000008009de0       0x24 /tmp/cckHqcgk.ltrans0.ltrans.o
                                         0x34 (size before relaxing)
 .rodata.cmd_threads.str1.4
                0x0000000008009e04       0x67 /tmp/cckHqcgk.ltrans0.ltrans.o
                                         0x6f (size before relaxing)
 *fill*         0x0000000008009e6b        0x1 
 .rodata.cmd_write.str1.4
                0x0000000008009e6c       0x1d /tmp/cckHqcgk.ltrans0.ltrans.o
 *fill*         0x0000000008009e89        0x3 
 .rodata.commands
                0x0000000008009e8c       0x10 /tmp/cckHqcgk.ltrans0.ltrans.o
 .rodata.ep0config
                0x0000000008009e9c       0x24 /tmp/cckHqcgk.ltrans0.ltrans.o
 .rodata.ep1config
                0x0000000008009ec0       0x24 /tmp/cckHqcgk.ltrans0.ltrans.o
 .rodata.ep2config
                0x0000000008009ee4       0x24 /tmp/cckHqcgk.ltrans0.ltrans.o
 .rodata.evhndl
                0x0000000008009f08        0xc /tmp/cckHqcgk.ltrans0.ltrans.o
 .rodata.halted_status
                0x0000000008009f14        0x2 /tmp/cckHqcgk.ltrans0.ltrans.o
 *fill*         0x0000000008009f16        0x2 
 .rodata.idle_descriptor.6437
                0x0000000008009f18       0x18 /tmp/cckHqcgk.ltrans0.ltrans.o
 .rodata.main.str1.4
                0x0000000008009f30        0x6 /tmp/cckHqcgk.ltrans0.ltrans.o
 *fill*         0x0000000008009f36        0x2 
 .rodata.oslib_test_001_001
                0x0000000008009f38       0x10 /tmp/cckHqcgk.ltrans0.ltrans.o
 .rodata.oslib_test_001_001_execute.str1.4
                0x0000000008009f48       0x13 /tmp/cckHqcgk.ltrans0.ltrans.o
 *fill*         0x0000000008009f5b        0x1 
 .rodata.oslib_test_001_002
                0x0000000008009f5c       0x10 /tmp/cckHqcgk.ltrans0.ltrans.o
 .rodata.oslib_test_001_002_execute.str1.4
                0x0000000008009f6c       0xb5 /tmp/cckHqcgk.ltrans0.ltrans.o
 *fill*         0x000000000800a021        0x3 
 .rodata.oslib_test_001_003
                0x000000000800a024       0x10 /tmp/cckHqcgk.ltrans0.ltrans.o
 .rodata.oslib_test_001_003_execute.str1.4
                0x000000000800a034       0x16 /tmp/cckHqcgk.ltrans0.ltrans.o
 *fill*         0x000000000800a04a        0x2 
 .rodata.oslib_test_002_001
                0x000000000800a04c       0x10 /tmp/cckHqcgk.ltrans0.ltrans.o
 .rodata.oslib_test_002_001_execute.str1.4
                0x000000000800a05c       0x1d /tmp/cckHqcgk.ltrans0.ltrans.o
 *fill*         0x000000000800a079        0x3 
 .rodata.oslib_test_002_002
                0x000000000800a07c       0x10 /tmp/cckHqcgk.ltrans0.ltrans.o
 .rodata.oslib_test_002_002_execute.str1.4
                0x000000000800a08c       0x13 /tmp/cckHqcgk.ltrans0.ltrans.o
 *fill*         0x000000000800a09f        0x1 
 .rodata.oslib_test_003_001
                0x000000000800a0a0       0x10 /tmp/cckHqcgk.ltrans0.ltrans.o
 .rodata.oslib_test_003_001_execute.str1.4
                0x000000000800a0b0       0x35 /tmp/cckHqcgk.ltrans0.ltrans.o
 *fill*         0x000000000800a0e5        0x3 
 .rodata.oslib_test_003_002
                0x000000000800a0e8       0x10 /tmp/cckHqcgk.ltrans0.ltrans.o
 .rodata.oslib_test_003_003
                0x000000000800a0f8       0x10 /tmp/cckHqcgk.ltrans0.ltrans.o
 .rodata.oslib_test_004_001
                0x000000000800a108       0x10 /tmp/cckHqcgk.ltrans0.ltrans.o
 .rodata.oslib_test_004_001_execute.str1.4
                0x000000000800a118       0x59 /tmp/cckHqcgk.ltrans0.ltrans.o
 *fill*         0x000000000800a171        0x3 
 .rodata.oslib_test_004_002
                0x000000000800a174       0x10 /tmp/cckHqcgk.ltrans0.ltrans.o
 .rodata.oslib_test_004_002_execute.str1.4
                0x000000000800a184       0x2a /tmp/cckHqcgk.ltrans0.ltrans.o
 *fill*         0x000000000800a1ae        0x2 
 .rodata.oslib_test_005_001
                0x000000000800a1b0       0x10 /tmp/cckHqcgk.ltrans0.ltrans.o
 .rodata.oslib_test_005_001_execute.str1.4
                0x000000000800a1c0       0x30 /tmp/cckHqcgk.ltrans0.ltrans.o
 .rodata.oslib_test_005_002
                0x000000000800a1f0       0x10 /tmp/cckHqcgk.ltrans0.ltrans.o
 .rodata.oslib_test_005_003
                0x000000000800a200       0x10 /tmp/cckHqcgk.ltrans0.ltrans.o
 .rodata.oslib_test_005_003_execute.str1.4
                0x000000000800a210       0x58 /tmp/cckHqcgk.ltrans0.ltrans.o
                                         0x60 (size before relaxing)
 .rodata.oslib_test_005_004
                0x000000000800a268       0x10 /tmp/cckHqcgk.ltrans0.ltrans.o
 .rodata.oslib_test_005_005
                0x000000000800a278       0x10 /tmp/cckHqcgk.ltrans0.ltrans.o
 .rodata.oslib_test_005_006
                0x000000000800a288       0x10 /tmp/cckHqcgk.ltrans0.ltrans.o
 .rodata.oslib_test_sequence_001
                0x000000000800a298        0x8 /tmp/cckHqcgk.ltrans0.ltrans.o
 .rodata.oslib_test_sequence_001_array
                0x000000000800a2a0       0x10 /tmp/cckHqcgk.ltrans0.ltrans.o
 .rodata.oslib_test_sequence_002
                0x000000000800a2b0        0x8 /tmp/cckHqcgk.ltrans0.ltrans.o
 .rodata.oslib_test_sequence_002_array
                0x000000000800a2b8        0xc /tmp/cckHqcgk.ltrans0.ltrans.o
 .rodata.oslib_test_sequence_003
                0x000000000800a2c4        0x8 /tmp/cckHqcgk.ltrans0.ltrans.o
 .rodata.oslib_test_sequence_003_array
                0x000000000800a2cc       0x10 /tmp/cckHqcgk.ltrans0.ltrans.o
 .rodata.oslib_test_sequence_004
                0x000000000800a2dc        0x8 /tmp/cckHqcgk.ltrans0.ltrans.o
 .rodata.oslib_test_sequence_004_array
                0x000000000800a2e4        0xc /tmp/cckHqcgk.ltrans0.ltrans.o
 .rodata.oslib_test_sequence_005
                0x000000000800a2f0        0x8 /tmp/cckHqcgk.ltrans0.ltrans.o
 .rodata.oslib_test_sequence_005_array
                0x000000000800a2f8       0x1c /tmp/cckHqcgk.ltrans0.ltrans.o
 .rodata.oslib_test_suite
                0x000000000800a314        0x8 /tmp/cckHqcgk.ltrans0.ltrans.o
 .rodata.oslib_test_suite_array
                0x000000000800a31c       0x18 /tmp/cckHqcgk.ltrans0.ltrans.o
 .rodata.parse_arguments.str1.4
                0x000000000800a334        0x3 /tmp/cckHqcgk.ltrans0.ltrans.o
 *fill*         0x000000000800a337        0x1 
 .rodata.pipe_pattern
                0x000000000800a338       0x11 /tmp/cckHqcgk.ltrans0.ltrans.o
 *fill*         0x000000000800a349        0x3 
 .rodata.rt_test_001_001
                0x000000000800a34c       0x10 /tmp/cckHqcgk.ltrans0.ltrans.o
 .rodata.rt_test_001_001_execute.str1.4
                0x000000000800a35c      0x169 /tmp/cckHqcgk.ltrans0.ltrans.o
 *fill*         0x000000000800a4c5        0x3 
 .rodata.rt_test_001_002
                0x000000000800a4c8       0x10 /tmp/cckHqcgk.ltrans0.ltrans.o
 .rodata.rt_test_001_002_execute.str1.4
                0x000000000800a4d8      0x115 /tmp/cckHqcgk.ltrans0.ltrans.o
 *fill*         0x000000000800a5ed        0x3 
 .rodata.rt_test_001_003
                0x000000000800a5f0       0x10 /tmp/cckHqcgk.ltrans0.ltrans.o
 .rodata.rt_test_001_003_execute.str1.4
                0x000000000800a600      0x78d /tmp/cckHqcgk.ltrans0.ltrans.o
                                        0x791 (size before relaxing)
 *fill*         0x000000000800ad8d        0x3 
 .rodata.rt_test_002_001
                0x000000000800ad90       0x10 /tmp/cckHqcgk.ltrans0.ltrans.o
 .rodata.rt_test_002_001_execute.str1.4
                0x000000000800ada0       0x70 /tmp/cckHqcgk.ltrans0.ltrans.o
 .rodata.rt_test_002_002
                0x000000000800ae10       0x10 /tmp/cckHqcgk.ltrans0.ltrans.o
 .rodata.rt_test_002_002_execute.str1.4
                0x000000000800ae20       0x12 /tmp/cckHqcgk.ltrans0.ltrans.o
 *fill*         0x000000000800ae32        0x2 
 .rodata.rt_test_002_003
                0x000000000800ae34       0x10 /tmp/cckHqcgk.ltrans0.ltrans.o
 .rodata.rt_test_002_004
                0x000000000800ae44       0x10 /tmp/cckHqcgk.ltrans0.ltrans.o
 .rodata.rt_test_003_001
                0x000000000800ae54       0x10 /tmp/cckHqcgk.ltrans0.ltrans.o
 .rodata.rt_test_003_002
                0x000000000800ae64       0x10 /tmp/cckHqcgk.ltrans0.ltrans.o
 .rodata.rt_test_003_003
                0x000000000800ae74       0x10 /tmp/cckHqcgk.ltrans0.ltrans.o
 .rodata.rt_test_003_004
                0x000000000800ae84       0x10 /tmp/cckHqcgk.ltrans0.ltrans.o
 .rodata.rt_test_003_004_execute.str1.4
                0x000000000800ae94       0x87 /tmp/cckHqcgk.ltrans0.ltrans.o
 *fill*         0x000000000800af1b        0x1 
 .rodata.rt_test_004_001
                0x000000000800af1c       0x10 /tmp/cckHqcgk.ltrans0.ltrans.o
 .rodata.rt_test_004_001_execute.str1.4
                0x000000000800af2c       0x23 /tmp/cckHqcgk.ltrans0.ltrans.o
 *fill*         0x000000000800af4f        0x1 
 .rodata.rt_test_005_001
                0x000000000800af50       0x10 /tmp/cckHqcgk.ltrans0.ltrans.o
 .rodata.rt_test_005_001_execute.str1.4
                0x000000000800af60       0x14 /tmp/cckHqcgk.ltrans0.ltrans.o
 .rodata.rt_test_005_002
                0x000000000800af74       0x10 /tmp/cckHqcgk.ltrans0.ltrans.o
 .rodata.rt_test_005_003
                0x000000000800af84       0x10 /tmp/cckHqcgk.ltrans0.ltrans.o
 .rodata.rt_test_005_004
                0x000000000800af94       0x10 /tmp/cckHqcgk.ltrans0.ltrans.o
 .rodata.rt_test_005_004_execute.str1.4
                0x000000000800afa4       0x10 /tmp/cckHqcgk.ltrans0.ltrans.o
 .rodata.rt_test_005_005
                0x000000000800afb4       0x10 /tmp/cckHqcgk.ltrans0.ltrans.o
 .rodata.rt_test_005_005_execute.str1.4
                0x000000000800afc4       0x21 /tmp/cckHqcgk.ltrans0.ltrans.o
 *fill*         0x000000000800afe5        0x3 
 .rodata.rt_test_005_006
                0x000000000800afe8       0x10 /tmp/cckHqcgk.ltrans0.ltrans.o
 .rodata.rt_test_005_006_execute.str1.4
                0x000000000800aff8       0x3f /tmp/cckHqcgk.ltrans0.ltrans.o
                                         0x46 (size before relaxing)
 *fill*         0x000000000800b037        0x1 
 .rodata.rt_test_006_001
                0x000000000800b038       0x10 /tmp/cckHqcgk.ltrans0.ltrans.o
 .rodata.rt_test_006_004
                0x000000000800b048       0x10 /tmp/cckHqcgk.ltrans0.ltrans.o
 .rodata.rt_test_006_004_execute.str1.4
                0x000000000800b058        0x6 /tmp/cckHqcgk.ltrans0.ltrans.o
 *fill*         0x000000000800b05e        0x2 
 .rodata.rt_test_006_005
                0x000000000800b060       0x10 /tmp/cckHqcgk.ltrans0.ltrans.o
 .rodata.rt_test_006_005_execute.str1.4
                0x000000000800b070       0x3d /tmp/cckHqcgk.ltrans0.ltrans.o
 *fill*         0x000000000800b0ad        0x3 
 .rodata.rt_test_006_007
                0x000000000800b0b0       0x10 /tmp/cckHqcgk.ltrans0.ltrans.o
 .rodata.rt_test_006_008
                0x000000000800b0c0       0x10 /tmp/cckHqcgk.ltrans0.ltrans.o
 .rodata.rt_test_006_008_execute.str1.4
                0x000000000800b0d0        0x6 /tmp/cckHqcgk.ltrans0.ltrans.o
 *fill*         0x000000000800b0d6        0x2 
 .rodata.rt_test_006_009
                0x000000000800b0d8       0x10 /tmp/cckHqcgk.ltrans0.ltrans.o
 .rodata.rt_test_007_001
                0x000000000800b0e8       0x10 /tmp/cckHqcgk.ltrans0.ltrans.o
 .rodata.rt_test_008_001
                0x000000000800b0f8       0x10 /tmp/cckHqcgk.ltrans0.ltrans.o
 .rodata.rt_test_008_001_execute.str1.4
                0x000000000800b108       0x1b /tmp/cckHqcgk.ltrans0.ltrans.o
 *fill*         0x000000000800b123        0x1 
 .rodata.rt_test_008_002
                0x000000000800b124       0x10 /tmp/cckHqcgk.ltrans0.ltrans.o
 .rodata.rt_test_008_002_execute.str1.4
                0x000000000800b134       0x18 /tmp/cckHqcgk.ltrans0.ltrans.o
 .rodata.rt_test_008_003
                0x000000000800b14c       0x10 /tmp/cckHqcgk.ltrans0.ltrans.o
 .rodata.rt_test_008_003_execute.str1.4
                0x000000000800b15c       0x13 /tmp/cckHqcgk.ltrans0.ltrans.o
 *fill*         0x000000000800b16f        0x1 
 .rodata.rt_test_008_004
                0x000000000800b170       0x10 /tmp/cckHqcgk.ltrans0.ltrans.o
 .rodata.rt_test_008_004_execute.str1.4
                0x000000000800b180       0x11 /tmp/cckHqcgk.ltrans0.ltrans.o
 *fill*         0x000000000800b191        0x3 
 .rodata.rt_test_008_005
                0x000000000800b194       0x10 /tmp/cckHqcgk.ltrans0.ltrans.o
 .rodata.rt_test_008_005_execute.str1.4
                0x000000000800b1a4       0x2a /tmp/cckHqcgk.ltrans0.ltrans.o
 *fill*         0x000000000800b1ce        0x2 
 .rodata.rt_test_008_006
                0x000000000800b1d0       0x10 /tmp/cckHqcgk.ltrans0.ltrans.o
 .rodata.rt_test_008_006_execute.str1.4
                0x000000000800b1e0        0xf /tmp/cckHqcgk.ltrans0.ltrans.o
 *fill*         0x000000000800b1ef        0x1 
 .rodata.rt_test_008_007
                0x000000000800b1f0       0x10 /tmp/cckHqcgk.ltrans0.ltrans.o
 .rodata.rt_test_008_007_execute.str1.4
                0x000000000800b200        0xc /tmp/cckHqcgk.ltrans0.ltrans.o
 .rodata.rt_test_009_001
                0x000000000800b20c       0x10 /tmp/cckHqcgk.ltrans0.ltrans.o
 .rodata.rt_test_009_001_execute.str1.4
                0x000000000800b21c       0x56 /tmp/cckHqcgk.ltrans0.ltrans.o
 *fill*         0x000000000800b272        0x2 
 .rodata.rt_test_009_002
                0x000000000800b274       0x10 /tmp/cckHqcgk.ltrans0.ltrans.o
 .rodata.rt_test_009_002_execute.str1.4
                0x000000000800b284       0x84 /tmp/cckHqcgk.ltrans0.ltrans.o
                                         0x8c (size before relaxing)
 .rodata.rt_test_010_001
                0x000000000800b308       0x10 /tmp/cckHqcgk.ltrans0.ltrans.o
 .rodata.rt_test_010_002
                0x000000000800b318       0x10 /tmp/cckHqcgk.ltrans0.ltrans.o
 .rodata.rt_test_010_003
                0x000000000800b328       0x10 /tmp/cckHqcgk.ltrans0.ltrans.o
 .rodata.rt_test_010_003_execute.str1.4
                0x000000000800b338        0xa /tmp/cckHqcgk.ltrans0.ltrans.o
 *fill*         0x000000000800b342        0x2 
 .rodata.rt_test_010_004
                0x000000000800b344       0x10 /tmp/cckHqcgk.ltrans0.ltrans.o
 .rodata.rt_test_010_005
                0x000000000800b354       0x10 /tmp/cckHqcgk.ltrans0.ltrans.o
 .rodata.rt_test_010_006
                0x000000000800b364       0x10 /tmp/cckHqcgk.ltrans0.ltrans.o
 .rodata.rt_test_010_006_execute.str1.4
                0x000000000800b374        0xb /tmp/cckHqcgk.ltrans0.ltrans.o
 *fill*         0x000000000800b37f        0x1 
 .rodata.rt_test_010_007
                0x000000000800b380       0x10 /tmp/cckHqcgk.ltrans0.ltrans.o
 .rodata.rt_test_010_007_execute.str1.4
                0x000000000800b390       0x11 /tmp/cckHqcgk.ltrans0.ltrans.o
 *fill*         0x000000000800b3a1        0x3 
 .rodata.rt_test_010_008
                0x000000000800b3a4       0x10 /tmp/cckHqcgk.ltrans0.ltrans.o
 .rodata.rt_test_010_008_execute.str1.4
                0x000000000800b3b4        0xa /tmp/cckHqcgk.ltrans0.ltrans.o
 *fill*         0x000000000800b3be        0x2 
 .rodata.rt_test_010_009
                0x000000000800b3c0       0x10 /tmp/cckHqcgk.ltrans0.ltrans.o
 .rodata.rt_test_010_009_execute.str1.4
                0x000000000800b3d0       0x1a /tmp/cckHqcgk.ltrans0.ltrans.o
 *fill*         0x000000000800b3ea        0x2 
 .rodata.rt_test_010_010
                0x000000000800b3ec       0x10 /tmp/cckHqcgk.ltrans0.ltrans.o
 .rodata.rt_test_010_010_execute.str1.4
                0x000000000800b3fc        0xf /tmp/cckHqcgk.ltrans0.ltrans.o
 *fill*         0x000000000800b40b        0x1 
 .rodata.rt_test_010_011
                0x000000000800b40c       0x10 /tmp/cckHqcgk.ltrans0.ltrans.o
 .rodata.rt_test_010_011_execute.str1.4
                0x000000000800b41c        0xf /tmp/cckHqcgk.ltrans0.ltrans.o
 *fill*         0x000000000800b42b        0x1 
 .rodata.rt_test_010_012
                0x000000000800b42c       0x10 /tmp/cckHqcgk.ltrans0.ltrans.o
 .rodata.rt_test_010_012_execute.str1.4
                0x000000000800b43c       0x95 /tmp/cckHqcgk.ltrans0.ltrans.o
 *fill*         0x000000000800b4d1        0x3 
 .rodata.rt_test_sequence_001
                0x000000000800b4d4        0x8 /tmp/cckHqcgk.ltrans0.ltrans.o
 .rodata.rt_test_sequence_001_array
                0x000000000800b4dc       0x10 /tmp/cckHqcgk.ltrans0.ltrans.o
 .rodata.rt_test_sequence_002
                0x000000000800b4ec        0x8 /tmp/cckHqcgk.ltrans0.ltrans.o
 .rodata.rt_test_sequence_002_array
                0x000000000800b4f4       0x14 /tmp/cckHqcgk.ltrans0.ltrans.o
 .rodata.rt_test_sequence_003
                0x000000000800b508        0x8 /tmp/cckHqcgk.ltrans0.ltrans.o
 .rodata.rt_test_sequence_003_array
                0x000000000800b510       0x14 /tmp/cckHqcgk.ltrans0.ltrans.o
 .rodata.rt_test_sequence_004
                0x000000000800b524        0x8 /tmp/cckHqcgk.ltrans0.ltrans.o
 .rodata.rt_test_sequence_004_array
                0x000000000800b52c        0x8 /tmp/cckHqcgk.ltrans0.ltrans.o
 .rodata.rt_test_sequence_005
                0x000000000800b534        0x8 /tmp/cckHqcgk.ltrans0.ltrans.o
 .rodata.rt_test_sequence_005_array
                0x000000000800b53c       0x1c /tmp/cckHqcgk.ltrans0.ltrans.o
 .rodata.rt_test_sequence_006
                0x000000000800b558        0x8 /tmp/cckHqcgk.ltrans0.ltrans.o
 .rodata.rt_test_sequence_006_array
                0x000000000800b560       0x1c /tmp/cckHqcgk.ltrans0.ltrans.o
 .rodata.rt_test_sequence_007
                0x000000000800b57c        0x8 /tmp/cckHqcgk.ltrans0.ltrans.o
 .rodata.rt_test_sequence_007_array
                0x000000000800b584        0x8 /tmp/cckHqcgk.ltrans0.ltrans.o
 .rodata.rt_test_sequence_008
                0x000000000800b58c        0x8 /tmp/cckHqcgk.ltrans0.ltrans.o
 .rodata.rt_test_sequence_008_array
                0x000000000800b594       0x20 /tmp/cckHqcgk.ltrans0.ltrans.o
 .rodata.rt_test_sequence_009
                0x000000000800b5b4        0x8 /tmp/cckHqcgk.ltrans0.ltrans.o
 .rodata.rt_test_sequence_009_array
                0x000000000800b5bc        0xc /tmp/cckHqcgk.ltrans0.ltrans.o
 .rodata.rt_test_sequence_010
                0x000000000800b5c8        0x8 /tmp/cckHqcgk.ltrans0.ltrans.o
 .rodata.rt_test_sequence_010_array
                0x000000000800b5d0       0x34 /tmp/cckHqcgk.ltrans0.ltrans.o
 .rodata.rt_test_suite
                0x000000000800b604        0x8 /tmp/cckHqcgk.ltrans0.ltrans.o
 .rodata.rt_test_suite_array
                0x000000000800b60c       0x2c /tmp/cckHqcgk.ltrans0.ltrans.o
 .rodata.serusbcfg
                0x000000000800b638        0x8 /tmp/cckHqcgk.ltrans0.ltrans.o
 .rodata.shellThread.str1.4
                0x000000000800b640       0x6d /tmp/cckHqcgk.ltrans0.ltrans.o
 *fill*         0x000000000800b6ad        0x3 
 .rodata.shell_cfg1
                0x000000000800b6b0        0x8 /tmp/cckHqcgk.ltrans0.ltrans.o
 .rodata.shell_local_commands
                0x000000000800b6b8       0x40 /tmp/cckHqcgk.ltrans0.ltrans.o
 .rodata.states.7830
                0x000000000800b6f8       0x40 /tmp/cckHqcgk.ltrans0.ltrans.o
 .rodata.str1.4
                0x000000000800b738      0x9b5 /tmp/cckHqcgk.ltrans0.ltrans.o
 *fill*         0x000000000800c0ed        0x3 
 .rodata.test_execute.str1.4
                0x000000000800c0f0       0xec /tmp/cckHqcgk.ltrans0.ltrans.o
                                         0xf4 (size before relaxing)
 .rodata.test_println.str1.4
                0x000000000800c1dc       0xec /tmp/cckHqcgk.ltrans0.ltrans.o
                                          0x3 (size before relaxing)
 .rodata.usbcfg
                0x000000000800c1dc       0x10 /tmp/cckHqcgk.ltrans0.ltrans.o
 .rodata.vcom_configuration_descriptor
                0x000000000800c1ec        0x8 /tmp/cckHqcgk.ltrans0.ltrans.o
 .rodata.vcom_configuration_descriptor_data
                0x000000000800c1f4       0x43 /tmp/cckHqcgk.ltrans0.ltrans.o
 *fill*         0x000000000800c237        0x1 
 .rodata.vcom_device_descriptor
                0x000000000800c238        0x8 /tmp/cckHqcgk.ltrans0.ltrans.o
 .rodata.vcom_device_descriptor_data
                0x000000000800c240       0x12 /tmp/cckHqcgk.ltrans0.ltrans.o
 *fill*         0x000000000800c252        0x2 
 .rodata.vcom_string0
                0x000000000800c254        0x4 /tmp/cckHqcgk.ltrans0.ltrans.o
 .rodata.vcom_string1
                0x000000000800c258       0x26 /tmp/cckHqcgk.ltrans0.ltrans.o
 *fill*         0x000000000800c27e        0x2 
 .rodata.vcom_string2
                0x000000000800c280       0x38 /tmp/cckHqcgk.ltrans0.ltrans.o
 .rodata.vcom_string3
                0x000000000800c2b8        0x8 /tmp/cckHqcgk.ltrans0.ltrans.o
 .rodata.vcom_strings
                0x000000000800c2c0       0x20 /tmp/cckHqcgk.ltrans0.ltrans.o
 .rodata.vmt    0x000000000800c2e0       0x28 /tmp/cckHqcgk.ltrans0.ltrans.o
 .rodata.wa     0x000000000800c308       0x14 /tmp/cckHqcgk.ltrans0.ltrans.o
 .rodata.zero_status
                0x000000000800c31c        0x2 /tmp/cckHqcgk.ltrans0.ltrans.o
 *fill*         0x000000000800c31e        0x2 
 .rodata.ram_areas
                0x000000000800c320       0x80 /tmp/cckHqcgk.ltrans1.ltrans.o
                0x000000000800c3a0                . = ALIGN (0x4)
                0x000000000800c3a0                __rodata_end__ = .

.rel.dyn        0x000000000800c3a0        0x0
 .rel.iplt      0x000000000800c3a0        0x0 ./build/obj/crt0_v7m.o

.ARM.extab
 *(.ARM.extab* .gnu.linkonce.armextab.*)

.ARM.exidx      0x000000000800c3a0        0x0
                0x000000000800c3a0                __exidx_start = .
 *(.ARM.exidx* .gnu.linkonce.armexidx.*)
                0x000000000800c3a0                __exidx_end = .

.eh_frame_hdr
 *(.eh_frame_hdr)

.eh_frame
 *(.eh_frame)

.data           0x0000000020000800      0x4e8 load address 0x000000000800c3a0
                [!provide]                        PROVIDE (_textdata = LOADADDR (.data))
                [!provide]                        PROVIDE (_data = .)
                0x000000000800c3a0                _textdata_start = LOADADDR (.data)
                0x0000000020000800                _data_start = .
 *(.data)
 *(.data.*)
 .data.buf.8546
                0x0000000020000800      0x401 /tmp/cckHqcgk.ltrans0.ltrans.o
 *fill*         0x0000000020000c01        0x3 
 .data.c1       0x0000000020000c04        0x8 /tmp/cckHqcgk.ltrans0.ltrans.o
 .data.es1      0x0000000020000c0c        0x4 /tmp/cckHqcgk.ltrans0.ltrans.o
 .data.es2      0x0000000020000c10        0x4 /tmp/cckHqcgk.ltrans0.ltrans.o
 .data.gmp1     0x0000000020000c14       0x1c /tmp/cckHqcgk.ltrans0.ltrans.o
 .data.linecoding
                0x0000000020000c30        0x7 /tmp/cckHqcgk.ltrans0.ltrans.o
 *fill*         0x0000000020000c37        0x1 
 .data.m1       0x0000000020000c38       0x10 /tmp/cckHqcgk.ltrans0.ltrans.o
 .data.m2       0x0000000020000c48       0x10 /tmp/cckHqcgk.ltrans0.ltrans.o
 .data.mb1      0x0000000020000c58       0x28 /tmp/cckHqcgk.ltrans0.ltrans.o
 .data.mp1.lto_priv.105
                0x0000000020000c80       0x10 /tmp/cckHqcgk.ltrans0.ltrans.o
 .data.myobj.7359
                0x0000000020000c90        0x4 /tmp/cckHqcgk.ltrans0.ltrans.o
 .data.myobj.7361
                0x0000000020000c94        0x4 /tmp/cckHqcgk.ltrans0.ltrans.o
 .data.pipe1    0x0000000020000c98       0x50 /tmp/cckHqcgk.ltrans0.ltrans.o
 *(.ramtext)
                0x0000000020000ce8                . = ALIGN (0x4)
                [!provide]                        PROVIDE (_edata = .)
                0x0000000020000ce8                _data_end = .

.igot.plt       0x0000000020000ce8        0x0 load address 0x000000000800c888
 .igot.plt      0x0000000020000ce8        0x0 ./build/obj/crt0_v7m.o

.bss            0x0000000020000ce8     0x1060 load address 0x000000000800c888
                0x0000000020000ce8                _bss_start = .
 *(.bss)
 *(.bss.*)
 .bss.SDU1      0x0000000020000ce8      0x490 /tmp/cckHqcgk.ltrans0.ltrans.o
 .bss.USBD1     0x0000000020001178       0x88 /tmp/cckHqcgk.ltrans0.ltrans.o
 .bss.buffer    0x0000000020001200       0x10 /tmp/cckHqcgk.ltrans0.ltrans.o
 .bss.ch        0x0000000020001210       0x74 /tmp/cckHqcgk.ltrans0.ltrans.o
 .bss.ch_factory
                0x0000000020001284       0x48 /tmp/cckHqcgk.ltrans0.ltrans.o
 *fill*         0x00000000200012cc        0x4 
 .bss.ch_idle_thread_wa
                0x00000000200012d0       0xd8 /tmp/cckHqcgk.ltrans0.ltrans.o
 .bss.ch_memcore
                0x00000000200013a8        0x8 /tmp/cckHqcgk.ltrans0.ltrans.o
 .bss.default_heap
                0x00000000200013b0       0x1c /tmp/cckHqcgk.ltrans0.ltrans.o
 .bss.ep0_state
                0x00000000200013cc       0x10 /tmp/cckHqcgk.ltrans0.ltrans.o
 .bss.ep0setup_buffer
                0x00000000200013dc        0x8 /tmp/cckHqcgk.ltrans0.ltrans.o
 .bss.ep1instate
                0x00000000200013e4       0x10 /tmp/cckHqcgk.ltrans0.ltrans.o
 .bss.ep1outstate
                0x00000000200013f4       0x10 /tmp/cckHqcgk.ltrans0.ltrans.o
 .bss.ep2instate
                0x0000000020001404       0x10 /tmp/cckHqcgk.ltrans0.ltrans.o
 .bss.heap1     0x0000000020001414       0x1c /tmp/cckHqcgk.ltrans0.ltrans.o
 .bss.mb_buffer
                0x0000000020001430       0x10 /tmp/cckHqcgk.ltrans0.ltrans.o
 .bss.mp1.lto_priv.104
                0x0000000020001440       0x10 /tmp/cckHqcgk.ltrans0.ltrans.o
 .bss.mtx1      0x0000000020001450       0x10 /tmp/cckHqcgk.ltrans0.ltrans.o
 .bss.objects   0x0000000020001460       0x10 /tmp/cckHqcgk.ltrans0.ltrans.o
 .bss.sem1.lto_priv.102
                0x0000000020001470        0xc /tmp/cckHqcgk.ltrans0.ltrans.o
 .bss.sem1.lto_priv.103
                0x000000002000147c        0xc /tmp/cckHqcgk.ltrans0.ltrans.o
 .bss.shell_terminated
                0x0000000020001488        0x4 /tmp/cckHqcgk.ltrans0.ltrans.o
 *fill*         0x000000002000148c        0x4 
 .bss.test_buffer
                0x0000000020001490      0x668 /tmp/cckHqcgk.ltrans0.ltrans.o
 .bss.test_chp  0x0000000020001af8        0x4 /tmp/cckHqcgk.ltrans0.ltrans.o
 .bss.test_failure_message
                0x0000000020001afc        0x4 /tmp/cckHqcgk.ltrans0.ltrans.o
 .bss.test_global_fail
                0x0000000020001b00        0x1 /tmp/cckHqcgk.ltrans0.ltrans.o
 *fill*         0x0000000020001b01        0x3 
 .bss.test_heap
                0x0000000020001b04       0x1c /tmp/cckHqcgk.ltrans0.ltrans.o
 .bss.test_heap_buffer
                0x0000000020001b20       0x80 /tmp/cckHqcgk.ltrans0.ltrans.o
 .bss.test_local_fail
                0x0000000020001ba0        0x1 /tmp/cckHqcgk.ltrans0.ltrans.o
 *fill*         0x0000000020001ba1        0x3 
 .bss.test_step
                0x0000000020001ba4        0x4 /tmp/cckHqcgk.ltrans0.ltrans.o
 .bss.test_tokens_buffer
                0x0000000020001ba8       0x10 /tmp/cckHqcgk.ltrans0.ltrans.o
 .bss.test_tokp
                0x0000000020001bb8        0x4 /tmp/cckHqcgk.ltrans0.ltrans.o
 .bss.threads   0x0000000020001bbc       0x14 /tmp/cckHqcgk.ltrans0.ltrans.o
 .bss.tr1       0x0000000020001bd0        0x4 /tmp/cckHqcgk.ltrans0.ltrans.o
 .bss.vt1.7470  0x0000000020001bd4       0x14 /tmp/cckHqcgk.ltrans0.ltrans.o
 .bss.vt2.7471  0x0000000020001be8       0x14 /tmp/cckHqcgk.ltrans0.ltrans.o
 *fill*         0x0000000020001bfc        0x4 
 .bss.waThread1
                0x0000000020001c00      0x148 /tmp/cckHqcgk.ltrans0.ltrans.o
 *(COMMON)
                0x0000000020001d48                . = ALIGN (0x4)
                0x0000000020001d48                _bss_end = .
                [!provide]                        PROVIDE (end = .)
                0x0000000020000000                __ram0_start__ = ORIGIN (ram0)
                0x0000000000005000                __ram0_size__ = LENGTH (ram0)
                0x0000000020005000                __ram0_end__ = (__ram0_start__ + __ram0_size__)
                0x0000000000000000                __ram1_start__ = ORIGIN (ram1)
                0x0000000000000000                __ram1_size__ = LENGTH (ram1)
                0x0000000000000000                __ram1_end__ = (__ram1_start__ + __ram1_size__)
                0x0000000000000000                __ram2_start__ = ORIGIN (ram2)
                0x0000000000000000                __ram2_size__ = LENGTH (ram2)
                0x0000000000000000                __ram2_end__ = (__ram2_start__ + __ram2_size__)
                0x0000000000000000                __ram3_start__ = ORIGIN (ram3)
                0x0000000000000000                __ram3_size__ = LENGTH (ram3)
                0x0000000000000000                __ram3_end__ = (__ram3_start__ + __ram3_size__)
                0x0000000000000000                __ram4_start__ = ORIGIN (ram4)
                0x0000000000000000                __ram4_size__ = LENGTH (ram4)
                0x0000000000000000                __ram4_end__ = (__ram4_start__ + __ram4_size__)
                0x0000000000000000                __ram5_start__ = ORIGIN (ram5)
                0x0000000000000000                __ram5_size__ = LENGTH (ram5)
                0x0000000000000000                __ram5_end__ = (__ram5_start__ + __ram5_size__)
                0x0000000000000000                __ram6_start__ = ORIGIN (ram6)
                0x0000000000000000                __ram6_size__ = LENGTH (ram6)
                0x0000000000000000                __ram6_end__ = (__ram6_start__ + __ram6_size__)
                0x0000000000000000                __ram7_start__ = ORIGIN (ram7)
                0x0000000000000000                __ram7_size__ = LENGTH (ram7)
                0x0000000000000000                __ram7_end__ = (__ram7_start__ + __ram7_size__)
                0x0000000008000000                __flash0_start__ = ORIGIN (flash0)
                0x0000000000020000                __flash0_size__ = LENGTH (flash0)
                0x0000000008020000                __flash0_end__ = (__flash0_start__ + __flash0_size__)
                0x0000000000000000                __flash1_start__ = ORIGIN (flash1)
                0x0000000000000000                __flash1_size__ = LENGTH (flash1)
                0x0000000000000000                __flash1_end__ = (__flash1_start__ + __flash1_size__)
                0x0000000000000000                __flash2_start__ = ORIGIN (flash2)
                0x0000000000000000                __flash2_size__ = LENGTH (flash2)
                0x0000000000000000                __flash2_end__ = (__flash2_start__ + __flash2_size__)
                0x0000000000000000                __flash3_start__ = ORIGIN (flash3)
                0x0000000000000000                __flash3_size__ = LENGTH (flash3)
                0x0000000000000000                __flash3_end__ = (__flash3_start__ + __flash3_size__)
                0x0000000000000000                __flash4_start__ = ORIGIN (flash4)
                0x0000000000000000                __flash4_size__ = LENGTH (flash4)
                0x0000000000000000                __flash4_end__ = (__flash4_start__ + __flash4_size__)
                0x0000000000000000                __flash5_start__ = ORIGIN (flash5)
                0x0000000000000000                __flash5_size__ = LENGTH (flash5)
                0x0000000000000000                __flash5_end__ = (__flash5_start__ + __flash5_size__)
                0x0000000000000000                __flash6_start__ = ORIGIN (flash6)
                0x0000000000000000                __flash6_size__ = LENGTH (flash6)
                0x0000000000000000                __flash6_end__ = (__flash6_start__ + __flash6_size__)
                0x0000000000000000                __flash7_start__ = ORIGIN (flash7)
                0x0000000000000000                __flash7_size__ = LENGTH (flash7)
                0x0000000000000000                __flash7_end__ = (__flash7_start__ + __flash7_size__)

.ram0_init      0x0000000020001d48        0x0 load address 0x000000000800c888
                0x000000000800c888                __ram0_init_text__ = LOADADDR (.ram0_init)
                0x0000000020001d48                __ram0_init__ = .
 *(.ram0_init)
 *(.ram0_init.*)
                0x0000000020001d48                . = ALIGN (0x4)

.ram0           0x0000000020001d48        0x0 load address 0x000000000800c888
                0x0000000020001d48                __ram0_clear__ = .
 *(.ram0_clear)
 *(.ram0_clear.*)
                0x0000000020001d48                . = ALIGN (0x4)
                0x0000000020001d48                __ram0_noinit__ = .
 *(.ram0)
 *(.ram0.*)
                0x0000000020001d48                . = ALIGN (0x4)
                0x0000000020001d48                __ram0_free__ = .

.ram1_init      0x0000000000000000        0x0 load address 0x000000000800c888
                0x000000000800c888                __ram1_init_text__ = LOADADDR (.ram1_init)
                0x0000000000000000                __ram1_init__ = .
 *(.ram1_init)
 *(.ram1_init.*)
                0x0000000000000000                . = ALIGN (0x4)

.ram1           0x0000000000000000        0x0 load address 0x000000000800c888
                0x0000000000000000                __ram1_clear__ = .
 *(.ram1_clear)
 *(.ram1_clear.*)
                0x0000000000000000                . = ALIGN (0x4)
                0x0000000000000000                __ram1_noinit__ = .
 *(.ram1)
 *(.ram1.*)
                0x0000000000000000                . = ALIGN (0x4)
                0x0000000000000000                __ram1_free__ = .

.ram2_init      0x0000000000000000        0x0 load address 0x000000000800c888
                0x000000000800c888                __ram2_init_text__ = LOADADDR (.ram2_init)
                0x0000000000000000                __ram2_init__ = .
 *(.ram2_init)
 *(.ram2_init.*)
                0x0000000000000000                . = ALIGN (0x4)

.ram2           0x0000000000000000        0x0 load address 0x000000000800c888
                0x0000000000000000                __ram2_clear__ = .
 *(.ram2_clear)
 *(.ram2_clear.*)
                0x0000000000000000                . = ALIGN (0x4)
                0x0000000000000000                __ram2_noinit__ = .
 *(.ram2)
 *(.ram2.*)
                0x0000000000000000                . = ALIGN (0x4)
                0x0000000000000000                __ram2_free__ = .

.ram3_init      0x0000000000000000        0x0 load address 0x000000000800c888
                0x000000000800c888                __ram3_init_text__ = LOADADDR (.ram3_init)
                0x0000000000000000                __ram3_init__ = .
 *(.ram3_init)
 *(.ram3_init.*)
                0x0000000000000000                . = ALIGN (0x4)

.ram3           0x0000000000000000        0x0 load address 0x000000000800c888
                0x0000000000000000                __ram3_clear__ = .
 *(.ram3_clear)
 *(.ram3_clear.*)
                0x0000000000000000                . = ALIGN (0x4)
                0x0000000000000000                __ram3_noinit__ = .
 *(.ram3)
 *(.ram3.*)
                0x0000000000000000                . = ALIGN (0x4)
                0x0000000000000000                __ram3_free__ = .

.ram4_init      0x0000000000000000        0x0 load address 0x000000000800c888
                0x000000000800c888                __ram4_init_text__ = LOADADDR (.ram4_init)
                0x0000000000000000                __ram4_init__ = .
 *(.ram4_init)
 *(.ram4_init.*)
                0x0000000000000000                . = ALIGN (0x4)

.ram4           0x0000000000000000        0x0 load address 0x000000000800c888
                0x0000000000000000                __ram4_clear__ = .
 *(.ram4_clear)
 *(.ram4_clear.*)
                0x0000000000000000                . = ALIGN (0x4)
                0x0000000000000000                __ram4_noinit__ = .
 *(.ram4)
 *(.ram4.*)
                0x0000000000000000                . = ALIGN (0x4)
                0x0000000000000000                __ram4_free__ = .

.ram5_init      0x0000000000000000        0x0 load address 0x000000000800c888
                0x000000000800c888                __ram5_init_text__ = LOADADDR (.ram5_init)
                0x0000000000000000                __ram5_init__ = .
 *(.ram5_init)
 *(.ram5_init.*)
                0x0000000000000000                . = ALIGN (0x4)

.ram5           0x0000000000000000        0x0 load address 0x000000000800c888
                0x0000000000000000                __ram5_clear__ = .
 *(.ram5_clear)
 *(.ram5_clear.*)
                0x0000000000000000                . = ALIGN (0x4)
                0x0000000000000000                __ram5_noinit__ = .
 *(.ram5)
 *(.ram5.*)
                0x0000000000000000                . = ALIGN (0x4)
                0x0000000000000000                __ram5_free__ = .

.ram6_init      0x0000000000000000        0x0 load address 0x000000000800c888
                0x000000000800c888                __ram6_init_text__ = LOADADDR (.ram6_init)
                0x0000000000000000                __ram6_init__ = .
 *(.ram6_init)
 *(.ram6_init.*)
                0x0000000000000000                . = ALIGN (0x4)

.ram6           0x0000000000000000        0x0 load address 0x000000000800c888
                0x0000000000000000                __ram6_clear__ = .
 *(.ram6_clear)
 *(.ram6_clear.*)
                0x0000000000000000                . = ALIGN (0x4)
                0x0000000000000000                __ram6_noinit__ = .
 *(.ram6)
 *(.ram6.*)
                0x0000000000000000                . = ALIGN (0x4)
                0x0000000000000000                __ram6_free__ = .
